
Running 1 test using 1 worker

  ✘  1 [chromium] › tests/e2e/publicWidgetVisibility.spec.ts:26:3 › Public widget visibility › renders through the public namespace and disappears after revocation (505ms)


  1) [chromium] › tests/e2e/publicWidgetVisibility.spec.ts:26:3 › Public widget visibility › renders through the public namespace and disappears after revocation 

    Error: [2mexpect([22m[31mreceived[39m[2m).[22mtoBe[2m([22m[32mexpected[39m[2m) // Object.is equality[22m

    Expected: [32mtrue[39m
    Received: [31mfalse[39m

      19 |     data: { username: 'admin', password: 'strongpassword1' },
      20 |   });
    > 21 |   expect(login.ok()).toBe(true);
         |                      ^
      22 |   return ((await login.json()) as { csrfToken: string }).csrfToken;
      23 | }
      24 |
        at ensureAdminAndLogin (/workspace/HomeDash/frontend/tests/e2e/publicWidgetVisibility.spec.ts:21:22)
        at /workspace/HomeDash/frontend/tests/e2e/publicWidgetVisibility.spec.ts:30:18

    attachment #1: screenshot (image/png) ──────────────────────────────────────────────────────────
    test-results/publicWidgetVisibility-Pub-96ef4-disappears-after-revocation-chromium/test-failed-1.png
    ────────────────────────────────────────────────────────────────────────────────────────────────

    Error Context: test-results/publicWidgetVisibility-Pub-96ef4-disappears-after-revocation-chromium/error-context.md

  1 failed
    [chromium] › tests/e2e/publicWidgetVisibility.spec.ts:26:3 › Public widget visibility › renders through the public namespace and disappears after revocation 
undefined
/workspace/HomeDash/frontend:
[ERR_PNPM_RECURSIVE_EXEC_FIRST_FAIL] Command failed with exit code 1: playwright test tests/e2e/publicWidgetVisibility.spec.ts '--project=chromium'
