# Command: pnpm --filter backend openapi:lint
# Phase:   01 — Setup & Baselines
# Run:     1
# Time:    2026-09-18 14:46 AEST
# Exit:    1
---
$ redocly lint ../specs/001-homelab-dashboard/contracts/openapi.yaml
No configurations were provided -- using built in recommended configuration by default.

validating ../specs/001-homelab-dashboard/contracts/openapi.yaml...
[1] ../specs/001-homelab-dashboard/contracts/openapi.yaml:23:5 at #/paths/~1healthz/get

Every operation should have security defined on it or on the root level.

21 | paths:
22 |   /healthz:
23 |     get:
   |     ^^^
24 |       tags: [ops]
25 |       summary: Liveness check

Error was generated by the security-defined rule.


[2] ../specs/001-homelab-dashboard/contracts/openapi.yaml:31:5 at #/paths/~1readyz/get

Every operation should have security defined on it or on the root level.

29 |
30 | /readyz:
31 |   get:
   |   ^^^
32 |     tags: [ops]
33 |     summary: Readiness check (DB reachable + migrations applied)

Error was generated by the security-defined rule.


[3] ../specs/001-homelab-dashboard/contracts/openapi.yaml:41:5 at #/paths/~1api~1public~1bootstrap/get

Every operation should have security defined on it or on the root level.

39 |
40 | /api/public/bootstrap:
41 |   get:
   |   ^^^
42 |     tags: [public]
43 |     summary: Public bootstrap data (shell + default dashboards)

Error was generated by the security-defined rule.


[4] ../specs/001-homelab-dashboard/contracts/openapi.yaml:57:5 at #/paths/~1api~1first-run~1admin/post

Every operation should have security defined on it or on the root level.

55 |
56 | /api/first-run/admin:
57 |   post:
   |   ^^^^
58 |     tags: [auth]
59 |     summary: Create the initial admin user (first run only)

Error was generated by the security-defined rule.


[5] ../specs/001-homelab-dashboard/contracts/openapi.yaml:81:5 at #/paths/~1api~1auth~1login/post

Every operation should have security defined on it or on the root level.

79 |
80 | /api/auth/login:
81 |   post:
   |   ^^^^
82 |     tags: [auth]
83 |     summary: Login

Error was generated by the security-defined rule.


[6] ../specs/001-homelab-dashboard/contracts/openapi.yaml:2:1 at #/info

Info object should contain `license` field.

1 | openapi: 3.0.3
2 | info:
  | ^^^^
3 |   title: HomeDash API
4 |   version: 0.1.0

Warning was generated by the info-license rule.


[7] ../specs/001-homelab-dashboard/contracts/openapi.yaml:12:10 at #/servers/0/url

Server `url` should not point to example.com or localhost.

10 |     - CSRF protection is required for state-changing requests.
11 | servers:
12 |   - url: http://localhost:3000
   |          ^^^^^^^^^^^^^^^^^^^^^
13 |
14 | tags:

Warning was generated by the no-server-example.com rule.


[8] ../specs/001-homelab-dashboard/contracts/openapi.yaml:15:5 at #/tags/0/description

Tag object should contain `description` field.

13 |
14 | tags:
15 |   - name: public
   |     ^^^^^^^^^^^^
16 |   - name: auth
17 |   - name: user

Warning was generated by the tag-description rule.


[9] ../specs/001-homelab-dashboard/contracts/openapi.yaml:16:5 at #/tags/1/description

Tag object should contain `description` field.

14 | tags:
15 |   - name: public
16 |   - name: auth
   |     ^^^^^^^^^^
17 |   - name: user
18 |   - name: admin

Warning was generated by the tag-description rule.


[10] ../specs/001-homelab-dashboard/contracts/openapi.yaml:17:5 at #/tags/2/description

Tag object should contain `description` field.

15 | - name: public
16 | - name: auth
17 | - name: user
   |   ^^^^^^^^^^
18 | - name: admin
19 | - name: ops

Warning was generated by the tag-description rule.


[11] ../specs/001-homelab-dashboard/contracts/openapi.yaml:18:5 at #/tags/3/description

Tag object should contain `description` field.

16 | - name: auth
17 | - name: user
18 | - name: admin
   |   ^^^^^^^^^^^
19 | - name: ops
20 |

Warning was generated by the tag-description rule.


[12] ../specs/001-homelab-dashboard/contracts/openapi.yaml:19:5 at #/tags/4/description

Tag object should contain `description` field.

17 |   - name: user
18 |   - name: admin
19 |   - name: ops
   |     ^^^^^^^^^
20 |
21 | paths:

Warning was generated by the tag-description rule.


[13] ../specs/001-homelab-dashboard/contracts/openapi.yaml:23:5 at #/paths/~1healthz/get/operationId

Operation object should contain `operationId` field.

21 | paths:
22 |   /healthz:
23 |     get:
   |     ^^^
24 |       tags: [ops]
25 |       summary: Liveness check

Warning was generated by the operation-operationId rule.


[14] ../specs/001-homelab-dashboard/contracts/openapi.yaml:26:7 at #/paths/~1healthz/get/responses

Operation must have at least one `4XX` response.

24 | tags: [ops]
25 | summary: Liveness check
26 | responses:
   | ^^^^^^^^^
27 |   '200':
28 |     description: OK

Warning was generated by the operation-4xx-response rule.


[15] ../specs/001-homelab-dashboard/contracts/openapi.yaml:31:5 at #/paths/~1readyz/get/operationId

Operation object should contain `operationId` field.

29 |
30 | /readyz:
31 |   get:
   |   ^^^
32 |     tags: [ops]
33 |     summary: Readiness check (DB reachable + migrations applied)

Warning was generated by the operation-operationId rule.


[16] ../specs/001-homelab-dashboard/contracts/openapi.yaml:34:7 at #/paths/~1readyz/get/responses

Operation must have at least one `4XX` response.

32 | tags: [ops]
33 | summary: Readiness check (DB reachable + migrations applied)
34 | responses:
   | ^^^^^^^^^
35 |   '200':
36 |     description: Ready

Warning was generated by the operation-4xx-response rule.


[17] ../specs/001-homelab-dashboard/contracts/openapi.yaml:41:5 at #/paths/~1api~1public~1bootstrap/get/operationId

Operation object should contain `operationId` field.

39 |
40 | /api/public/bootstrap:
41 |   get:
   |   ^^^
42 |     tags: [public]
43 |     summary: Public bootstrap data (shell + default dashboards)

Warning was generated by the operation-operationId rule.


[18] ../specs/001-homelab-dashboard/contracts/openapi.yaml:48:7 at #/paths/~1api~1public~1bootstrap/get/responses

Operation must have at least one `4XX` response.

46 |   the unauthenticated experience. Must not include admin-only settings or
47 |   any user data.
48 | responses:
   | ^^^^^^^^^
49 |   '200':
50 |     description: Public bootstrap payload

Warning was generated by the operation-4xx-response rule.


[19] ../specs/001-homelab-dashboard/contracts/openapi.yaml:57:5 at #/paths/~1api~1first-run~1admin/post/operationId

Operation object should contain `operationId` field.

55 |
56 | /api/first-run/admin:
57 |   post:
   |   ^^^^
58 |     tags: [auth]
59 |     summary: Create the initial admin user (first run only)

Warning was generated by the operation-operationId rule.


[20] ../specs/001-homelab-dashboard/contracts/openapi.yaml:81:5 at #/paths/~1api~1auth~1login/post/operationId

Operation object should contain `operationId` field.

79 |
80 | /api/auth/login:
81 |   post:
   |   ^^^^
82 |     tags: [auth]
83 |     summary: Login

Warning was generated by the operation-operationId rule.


[21] ../specs/001-homelab-dashboard/contracts/openapi.yaml:105:5 at #/paths/~1api~1auth~1logout/post/operationId

Operation object should contain `operationId` field.

103 |
104 | /api/auth/logout:
105 |   post:
    |   ^^^^
106 |     tags: [auth]
107 |     summary: Logout

Warning was generated by the operation-operationId rule.


[22] ../specs/001-homelab-dashboard/contracts/openapi.yaml:112:7 at #/paths/~1api~1auth~1logout/post/responses

Operation must have at least one `4XX` response.

110 | parameters:
111 |   - $ref: '#/components/parameters/CsrfToken'
112 | responses:
    | ^^^^^^^^^
113 |   '204':
114 |     description: Logged out

Warning was generated by the operation-4xx-response rule.


[23] ../specs/001-homelab-dashboard/contracts/openapi.yaml:117:5 at #/paths/~1api~1auth~1me/get/operationId

Operation object should contain `operationId` field.

115 |
116 | /api/auth/me:
117 |   get:
    |   ^^^
118 |     tags: [auth]
119 |     summary: Current authenticated user

Warning was generated by the operation-operationId rule.


[24] ../specs/001-homelab-dashboard/contracts/openapi.yaml:133:5 at #/paths/~1api~1user~1preferences/get/operationId

Operation object should contain `operationId` field.

131 |
132 | /api/user/preferences:
133 |   get:
    |   ^^^
134 |     tags: [user]
135 |     summary: Get user preferences

Warning was generated by the operation-operationId rule.


[25] ../specs/001-homelab-dashboard/contracts/openapi.yaml:147:5 at #/paths/~1api~1user~1preferences/put/operationId

Operation object should contain `operationId` field.

145 |     '401':
146 |       description: Not authenticated
147 | put:
    | ^^^
148 |   tags: [user]
149 |   summary: Update user preferences

Warning was generated by the operation-operationId rule.


[26] ../specs/001-homelab-dashboard/contracts/openapi.yaml:160:7 at #/paths/~1api~1user~1preferences/put/responses

Operation must have at least one `4XX` response.

158 |       schema:
159 |         $ref: '#/components/schemas/UserPreferencesUpdateRequest'
160 | responses:
    | ^^^^^^^^^
161 |   '200':
162 |     description: Updated

Warning was generated by the operation-4xx-response rule.


[27] ../specs/001-homelab-dashboard/contracts/openapi.yaml:169:5 at #/paths/~1api~1admin~1shell/get/operationId

Operation object should contain `operationId` field.

167 |
168 | /api/admin/shell:
169 |   get:
    |   ^^^
170 |     tags: [admin]
171 |     summary: Get global shell settings

Warning was generated by the operation-operationId rule.


[28] ../specs/001-homelab-dashboard/contracts/openapi.yaml:183:5 at #/paths/~1api~1admin~1shell/put/operationId

Operation object should contain `operationId` field.

181 |     '403':
182 |       description: Forbidden
183 | put:
    | ^^^
184 |   tags: [admin]
185 |   summary: Update global shell settings

Warning was generated by the operation-operationId rule.


[29] ../specs/001-homelab-dashboard/contracts/openapi.yaml:196:7 at #/paths/~1api~1admin~1shell/put/responses

Operation must have at least one `4XX` response.

194 |       schema:
195 |         $ref: '#/components/schemas/ShellSettingsUpdateRequest'
196 | responses:
    | ^^^^^^^^^
197 |   '200':
198 |     description: Updated

Warning was generated by the operation-4xx-response rule.


[30] ../specs/001-homelab-dashboard/contracts/openapi.yaml:205:5 at #/paths/~1api~1admin~1assets~1logo/post/operationId

Operation object should contain `operationId` field.

203 |
204 | /api/admin/assets/logo:
205 |   post:
    |   ^^^^
206 |     tags: [admin]
207 |     summary: Upload logo (also used as favicon source)

Warning was generated by the operation-operationId rule.


[31] ../specs/001-homelab-dashboard/contracts/openapi.yaml:223:7 at #/paths/~1api~1admin~1assets~1logo/post/responses

Operation must have at least one `4XX` response.

221 |             type: string
222 |             format: binary
223 | responses:
    | ^^^^^^^^^
224 |   '201':
225 |     description: Uploaded

Warning was generated by the operation-4xx-response rule.


[32] ../specs/001-homelab-dashboard/contracts/openapi.yaml:232:5 at #/paths/~1api~1admin~1dashboards/get/operationId

Operation object should contain `operationId` field.

230 |
231 | /api/admin/dashboards:
232 |   get:
    |   ^^^
233 |     tags: [admin]
234 |     summary: List dashboards

Warning was generated by the operation-operationId rule.


[33] ../specs/001-homelab-dashboard/contracts/openapi.yaml:237:7 at #/paths/~1api~1admin~1dashboards/get/responses

Operation must have at least one `4XX` response.

235 | security:
236 |   - cookieAuth: []
237 | responses:
    | ^^^^^^^^^
238 |   '200':
239 |     description: Dashboards

Warning was generated by the operation-4xx-response rule.


[34] ../specs/001-homelab-dashboard/contracts/openapi.yaml:246:5 at #/paths/~1api~1admin~1dashboards/post/operationId

Operation object should contain `operationId` field.

244 |             items:
245 |               $ref: '#/components/schemas/Dashboard'
246 | post:
    | ^^^^
247 |   tags: [admin]
248 |   summary: Create dashboard

Warning was generated by the operation-operationId rule.


[35] ../specs/001-homelab-dashboard/contracts/openapi.yaml:259:7 at #/paths/~1api~1admin~1dashboards/post/responses

Operation must have at least one `4XX` response.

257 |       schema:
258 |         $ref: '#/components/schemas/DashboardCreateRequest'
259 | responses:
    | ^^^^^^^^^
260 |   '201':
261 |     description: Created

Warning was generated by the operation-4xx-response rule.


[36] ../specs/001-homelab-dashboard/contracts/openapi.yaml:274:5 at #/paths/~1api~1admin~1dashboards~1{dashboardId}/put/operationId

Operation object should contain `operationId` field.

272 |     schema:
273 |       type: string
274 | put:
    | ^^^
275 |   tags: [admin]
276 |   summary: Update dashboard (name, applicability, background)

Warning was generated by the operation-operationId rule.


[37] ../specs/001-homelab-dashboard/contracts/openapi.yaml:287:7 at #/paths/~1api~1admin~1dashboards~1{dashboardId}/put/responses

Operation must have at least one `4XX` response.

285 |       schema:
286 |         $ref: '#/components/schemas/DashboardUpdateRequest'
287 | responses:
    | ^^^^^^^^^
288 |   '200':
289 |     description: Updated

Warning was generated by the operation-4xx-response rule.


[38] ../specs/001-homelab-dashboard/contracts/openapi.yaml:294:5 at #/paths/~1api~1admin~1dashboards~1{dashboardId}/delete/operationId

Operation object should contain `operationId` field.

292 |           schema:
293 |             $ref: '#/components/schemas/Dashboard'
294 | delete:
    | ^^^^^^
295 |   tags: [admin]
296 |   summary: Delete dashboard

Warning was generated by the operation-operationId rule.


[39] ../specs/001-homelab-dashboard/contracts/openapi.yaml:301:7 at #/paths/~1api~1admin~1dashboards~1{dashboardId}/delete/responses

Operation must have at least one `4XX` response.

299 | parameters:
300 |   - $ref: '#/components/parameters/CsrfToken'
301 | responses:
    | ^^^^^^^^^
302 |   '204':
303 |     description: Deleted

Warning was generated by the operation-4xx-response rule.


[40] ../specs/001-homelab-dashboard/contracts/openapi.yaml:306:5 at #/paths/~1api~1admin~1dashboards~1{dashboardId}~1layout/put/operationId

Operation object should contain `operationId` field.

304 |
305 | /api/admin/dashboards/{dashboardId}/layout:
306 |   put:
    |   ^^^
307 |     tags: [admin]
308 |     summary: Replace dashboard layout (placeholders + widget instances)

Warning was generated by the operation-operationId rule.


[41] ../specs/001-homelab-dashboard/contracts/openapi.yaml:324:7 at #/paths/~1api~1admin~1dashboards~1{dashboardId}~1layout/put/responses

Operation must have at least one `4XX` response.

322 |       schema:
323 |         $ref: '#/components/schemas/DashboardLayoutUpdateRequest'
324 | responses:
    | ^^^^^^^^^
325 |   '200':
326 |     description: Updated

Warning was generated by the operation-4xx-response rule.


[42] ../specs/001-homelab-dashboard/contracts/openapi.yaml:329:5 at #/paths/~1api~1admin~1icons~1refresh/post/operationId

Operation object should contain `operationId` field.

327 |
328 | /api/admin/icons/refresh:
329 |   post:
    |   ^^^^
330 |     tags: [admin]
331 |     summary: Admin-controlled icon refresh (best-effort fetch + cache)

Warning was generated by the operation-operationId rule.


[43] ../specs/001-homelab-dashboard/contracts/openapi.yaml:336:7 at #/paths/~1api~1admin~1icons~1refresh/post/responses

Operation must have at least one `4XX` response.

334 | parameters:
335 |   - $ref: '#/components/parameters/CsrfToken'
336 | responses:
    | ^^^^^^^^^
337 |   '202':
338 |     description: Refresh started

Warning was generated by the operation-4xx-response rule.


[44] ../specs/001-homelab-dashboard/contracts/openapi.yaml:502:5 at #/components/schemas/ErrorResponse

Component: "ErrorResponse" is never used.

500 |
501 | schemas:
502 |   ErrorResponse:
    |   ^^^^^^^^^^^^^
503 |     type: object
504 |     required: [error]

Warning was generated by the no-unused-components rule.


../specs/001-homelab-dashboard/contracts/openapi.yaml: validated in 37ms

❌ Validation failed with 5 errors and 39 warnings.
run `redocly lint --generate-ignore-file` to add all problems to the ignore file.

/workspace/HomeDash/backend:
[ERR_PNPM_RECURSIVE_RUN_FIRST_FAIL] backend@0.1.0 openapi:lint: `redocly lint ../specs/001-homelab-dashboard/contracts/openapi.yaml`
Exit status 1
