
Running 4 tests using 1 worker

  ✘  1 [chromium] › tests/e2e/dockerConnection.spec.ts:58:3 › Docker connection form — endpoint formats › states the accepted formats and their default ports before any input (30.0s)
  ✘  2 [chromium] › tests/e2e/dockerConnection.spec.ts:70:3 › Docker connection form — endpoint formats › rejects an http:// endpoint and says what is accepted (30.0s)
  ✘  3 [chromium] › tests/e2e/dockerConnection.spec.ts:80:3 › Docker connection form — endpoint formats › rejects a bare host:port (30.0s)
  ✘  4 [chromium] › tests/e2e/dockerConnection.spec.ts:90:3 › Docker connection form — endpoint formats › accepts a tcp:// endpoint — reports connectivity, not a format error (30.0s)


  1) [chromium] › tests/e2e/dockerConnection.spec.ts:58:3 › Docker connection form — endpoint formats › states the accepted formats and their default ports before any input 

    [31mTest timeout of 30000ms exceeded while running "beforeEach" hook.[39m

      50 |
      51 | test.describe('Docker connection form — endpoint formats', () => {
    > 52 |   test.beforeEach(async ({ page, request }) => {
         |        ^
      53 |     const ready = await completeFirstRunIfNeeded(page, request);
      54 |     test.skip(!ready, 'No HomeDash server reachable at baseURL');
      55 |     await loginAsAdmin(page);
        at /workspace/HomeDash/frontend/tests/e2e/dockerConnection.spec.ts:52:8

    Error: locator.fill: Test timeout of 30000ms exceeded.
    Call log:
    [2m  - waiting for getByLabel('Username')[22m


      35 | async function loginAsAdmin(page: Page) {
      36 |   await page.goto('/login');
    > 37 |   await page.getByLabel('Username').fill('admin');
         |                                     ^
      38 |   await page.getByLabel('Password').fill('strongpassword1');
      39 |   await page.getByRole('button', { name: /sign in/i }).click();
      40 |   await page.waitForURL('/');
        at loginAsAdmin (/workspace/HomeDash/frontend/tests/e2e/dockerConnection.spec.ts:37:37)
        at /workspace/HomeDash/frontend/tests/e2e/dockerConnection.spec.ts:55:5

    attachment #1: screenshot (image/png) ──────────────────────────────────────────────────────────
    test-results/dockerConnection-Docker-co-c20e3-ault-ports-before-any-input-chromium/test-failed-1.png
    ────────────────────────────────────────────────────────────────────────────────────────────────

    Error Context: test-results/dockerConnection-Docker-co-c20e3-ault-ports-before-any-input-chromium/error-context.md

  2) [chromium] › tests/e2e/dockerConnection.spec.ts:70:3 › Docker connection form — endpoint formats › rejects an http:// endpoint and says what is accepted 

    [31mTest timeout of 30000ms exceeded while running "beforeEach" hook.[39m

      50 |
      51 | test.describe('Docker connection form — endpoint formats', () => {
    > 52 |   test.beforeEach(async ({ page, request }) => {
         |        ^
      53 |     const ready = await completeFirstRunIfNeeded(page, request);
      54 |     test.skip(!ready, 'No HomeDash server reachable at baseURL');
      55 |     await loginAsAdmin(page);
        at /workspace/HomeDash/frontend/tests/e2e/dockerConnection.spec.ts:52:8

    Error: locator.fill: Test timeout of 30000ms exceeded.
    Call log:
    [2m  - waiting for getByLabel('Username')[22m


      35 | async function loginAsAdmin(page: Page) {
      36 |   await page.goto('/login');
    > 37 |   await page.getByLabel('Username').fill('admin');
         |                                     ^
      38 |   await page.getByLabel('Password').fill('strongpassword1');
      39 |   await page.getByRole('button', { name: /sign in/i }).click();
      40 |   await page.waitForURL('/');
        at loginAsAdmin (/workspace/HomeDash/frontend/tests/e2e/dockerConnection.spec.ts:37:37)
        at /workspace/HomeDash/frontend/tests/e2e/dockerConnection.spec.ts:55:5

    attachment #1: screenshot (image/png) ──────────────────────────────────────────────────────────
    test-results/dockerConnection-Docker-co-9ef9b-t-and-says-what-is-accepted-chromium/test-failed-1.png
    ────────────────────────────────────────────────────────────────────────────────────────────────

    Error Context: test-results/dockerConnection-Docker-co-9ef9b-t-and-says-what-is-accepted-chromium/error-context.md

  3) [chromium] › tests/e2e/dockerConnection.spec.ts:80:3 › Docker connection form — endpoint formats › rejects a bare host:port 

    [31mTest timeout of 30000ms exceeded while running "beforeEach" hook.[39m

      50 |
      51 | test.describe('Docker connection form — endpoint formats', () => {
    > 52 |   test.beforeEach(async ({ page, request }) => {
         |        ^
      53 |     const ready = await completeFirstRunIfNeeded(page, request);
      54 |     test.skip(!ready, 'No HomeDash server reachable at baseURL');
      55 |     await loginAsAdmin(page);
        at /workspace/HomeDash/frontend/tests/e2e/dockerConnection.spec.ts:52:8

    Error: locator.fill: Test timeout of 30000ms exceeded.
    Call log:
    [2m  - waiting for getByLabel('Username')[22m


      35 | async function loginAsAdmin(page: Page) {
      36 |   await page.goto('/login');
    > 37 |   await page.getByLabel('Username').fill('admin');
         |                                     ^
      38 |   await page.getByLabel('Password').fill('strongpassword1');
      39 |   await page.getByRole('button', { name: /sign in/i }).click();
      40 |   await page.waitForURL('/');
        at loginAsAdmin (/workspace/HomeDash/frontend/tests/e2e/dockerConnection.spec.ts:37:37)
        at /workspace/HomeDash/frontend/tests/e2e/dockerConnection.spec.ts:55:5

    attachment #1: screenshot (image/png) ──────────────────────────────────────────────────────────
    test-results/dockerConnection-Docker-co-1b304-ts-rejects-a-bare-host-port-chromium/test-failed-1.png
    ────────────────────────────────────────────────────────────────────────────────────────────────

    Error Context: test-results/dockerConnection-Docker-co-1b304-ts-rejects-a-bare-host-port-chromium/error-context.md

  4) [chromium] › tests/e2e/dockerConnection.spec.ts:90:3 › Docker connection form — endpoint formats › accepts a tcp:// endpoint — reports connectivity, not a format error 

    [31mTest timeout of 30000ms exceeded while running "beforeEach" hook.[39m

      50 |
      51 | test.describe('Docker connection form — endpoint formats', () => {
    > 52 |   test.beforeEach(async ({ page, request }) => {
         |        ^
      53 |     const ready = await completeFirstRunIfNeeded(page, request);
      54 |     test.skip(!ready, 'No HomeDash server reachable at baseURL');
      55 |     await loginAsAdmin(page);
        at /workspace/HomeDash/frontend/tests/e2e/dockerConnection.spec.ts:52:8

    Error: locator.fill: Test timeout of 30000ms exceeded.
    Call log:
    [2m  - waiting for getByLabel('Username')[22m


      35 | async function loginAsAdmin(page: Page) {
      36 |   await page.goto('/login');
    > 37 |   await page.getByLabel('Username').fill('admin');
         |                                     ^
      38 |   await page.getByLabel('Password').fill('strongpassword1');
      39 |   await page.getByRole('button', { name: /sign in/i }).click();
      40 |   await page.waitForURL('/');
        at loginAsAdmin (/workspace/HomeDash/frontend/tests/e2e/dockerConnection.spec.ts:37:37)
        at /workspace/HomeDash/frontend/tests/e2e/dockerConnection.spec.ts:55:5

    attachment #1: screenshot (image/png) ──────────────────────────────────────────────────────────
    test-results/dockerConnection-Docker-co-bf1bf-ectivity-not-a-format-error-chromium/test-failed-1.png
    ────────────────────────────────────────────────────────────────────────────────────────────────

    Error Context: test-results/dockerConnection-Docker-co-bf1bf-ectivity-not-a-format-error-chromium/error-context.md

  4 failed
    [chromium] › tests/e2e/dockerConnection.spec.ts:58:3 › Docker connection form — endpoint formats › states the accepted formats and their default ports before any input 
    [chromium] › tests/e2e/dockerConnection.spec.ts:70:3 › Docker connection form — endpoint formats › rejects an http:// endpoint and says what is accepted 
    [chromium] › tests/e2e/dockerConnection.spec.ts:80:3 › Docker connection form — endpoint formats › rejects a bare host:port 
    [chromium] › tests/e2e/dockerConnection.spec.ts:90:3 › Docker connection form — endpoint formats › accepts a tcp:// endpoint — reports connectivity, not a format error 
undefined
/workspace/HomeDash/frontend:
[ERR_PNPM_RECURSIVE_EXEC_FIRST_FAIL] Command failed with exit code 1: playwright test tests/e2e/dockerConnection.spec.ts '--project=chromium' '--reporter=list'
exit=1
