# Command: pnpm --filter frontend exec playwright test --project=chromium
# Phase:   02 — Harness Repair
# Run:     3
# Time:    2026-09-24 23:33 AEST
[2m[WebServer] [22m[2m$ node scripts/start-e2e-server.mjs[22m
[2m[WebServer] [22m[2m$ tsc --noEmit && vite build[22m
[2m[WebServer] [22m[33m
[2m[WebServer] [22m(!) Some chunks are larger than 500 kB after minification. Consider:
[2m[WebServer] [22m- Using dynamic import() to code-split the application
[2m[WebServer] [22m- Use build.rollupOptions.output.manualChunks to improve chunking: https://rollupjs.org/configuration-options/#output-manualchunks
[2m[WebServer] [22m- Adjust chunk size limit for this warning via build.chunkSizeWarningLimit.[39m

Running 27 tests using 1 worker

  ✓   1 [setup] › tests/e2e/auth.setup.ts:17:3 › Authenticated E2E setup › completes first-run and stores the admin session (791ms)
  ✘   2 [chromium] › tests/e2e/auroraEffects.spec.ts:22:1 › Aurora surfaces use layered animated curtain gradients (301ms)
  ✓   3 [chromium] › tests/e2e/auroraEffects.spec.ts:45:3 › reduced motion › Aurora curtain movement is disabled (211ms)
  ✘   4 [chromium] › tests/e2e/backgroundSettings.spec.ts:45:3 › Background settings in DashboardDialog (T021) › solid color background: set, save, verify persistence, then reset to none (30.0s)
  ✓   5 [chromium] › tests/e2e/dockerConnection.spec.ts:28:3 › Docker connection form — endpoint formats › states the accepted formats and their default ports before any input (292ms)
  ✓   6 [chromium] › tests/e2e/dockerConnection.spec.ts:40:3 › Docker connection form — endpoint formats › rejects an http:// endpoint and says what is accepted (308ms)
  ✓   7 [chromium] › tests/e2e/dockerConnection.spec.ts:50:3 › Docker connection form — endpoint formats › rejects a bare host:port (306ms)
  ✓   8 [chromium] › tests/e2e/dockerConnection.spec.ts:60:3 › Docker connection form — endpoint formats › accepts a tcp:// endpoint — reports connectivity, not a format error (318ms)
  ✓   9 [chromium] › tests/e2e/emptyDashboard.spec.ts:4:3 › No-dashboard empty state › offers admins a direct action without exposing it publicly (337ms)
  ✘  10 [chromium] › tests/e2e/iconPicker.spec.ts:129:3 › Icon rendering on links_list widget (T020) › link with iconKey renders a non-Globe icon; link without iconKey renders Globe (538ms)
  -  11 [chromium] › tests/e2e/iconPicker.spec.ts:169:8 › IconPicker performance (T023) › icon search returns results within 200ms
  ✘  12 [chromium] › tests/e2e/importExport.spec.ts:112:3 › Dashboard Import/Export E2E (T022) › export downloads valid JSON; import re-creates it (30.0s)
  ✘  13 [chromium] › tests/e2e/importExport.spec.ts:211:3 › Dashboard Import/Export E2E (T022) › import with name conflict shows conflict resolution UI (30.1s)
  ✓  14 [chromium] › tests/e2e/publicWidgetVisibility.spec.ts:5:3 › Public widget visibility › renders through the public namespace and disappears after revocation (644ms)
  ✓  15 [chromium] › tests/e2e/settingsNavigation.spec.ts:4:3 › Settings navigation › desktop retains the labeled tab and sidebar navigation (171ms)
  ✘  16 [chromium] › tests/e2e/shellSettings.spec.ts:30:3 › Shell settings — admin › updating titleText reflects in shell header (30.0s)
  ✘  17 [chromium] › tests/e2e/shellSettings.spec.ts:50:3 › Shell settings — admin › updating footerText reflects in footer (30.0s)
  ✘  18 [chromium] › tests/e2e/shellSettings.spec.ts:68:3 › Shell settings — admin › enabling clock strip shows it on the dashboard (30.0s)
  ✓  19 [chromium] › tests/e2e/theme.spec.ts:25:3 › Theme toggle — unauthenticated user › toggling theme persists in localStorage after page reload (295ms)
  ✓  20 [chromium] › tests/e2e/theme.spec.ts:57:3 › Theme toggle — authenticated admin › toggling theme persists server-side after page reload (279ms)
  ✓  21 [chromium] › tests/e2e/unauthView.spec.ts:28:3 › Unauthenticated view › shows read-only dashboard shell without redirecting to first-run (146ms)
  ✓  22 [chromium] › tests/e2e/unauthView.spec.ts:50:3 › Unauthenticated view › login page is accessible from the login link (289ms)
  ✓  23 [chromium] › tests/e2e/widgetTypes.spec.ts:107:3 › Clock/Date widget — E2E (US4) › 12hr clock shows AM/PM and updates live (2.6s)
  ✓  24 [chromium] › tests/e2e/widgetTypes.spec.ts:141:3 › Clock/Date widget — E2E (US4) › 24hr clock shows time in HH:MM range (237ms)
  ✓  25 [chromium] › tests/e2e/widgetTypes.spec.ts:171:3 › Clock/Date widget — E2E (US4) › unconfigured timezone defaults to browser-local (190ms)
  ✓  26 [chromium] › tests/e2e/widgetTypes.spec.ts:194:3 › Clock/Date widget — E2E (US4) › configured timezone displays timezone label (211ms)
  ✓  27 [chromium] › tests/e2e/widgetTypes.spec.ts:220:3 › Clock/Date widget — E2E (US4) › invalid timezone falls back gracefully (no crash) (168ms)


  1) [chromium] › tests/e2e/auroraEffects.spec.ts:22:1 › Aurora surfaces use layered animated curtain gradients 

    TypeError: [2mexpect([22m[31mreceived[39m[2m).[22mtoHaveLength[2m([22m[32mexpected[39m[2m)[22m

    [1mMatcher error[22m: [31mreceived[39m value must have a length property whose value must be a number

    Received has value: [31mnull[39m

      37 |
      38 |   expect(styles.widgetBackground.match(/radial-gradient/g)).toHaveLength(3);
    > 39 |   expect(styles.headerBackground.match(/radial-gradient/g)).toHaveLength(3);
         |                                                             ^
      40 |   expect(styles.widgetAnimation).toBe('aurora-surface-drift');
      41 |   expect(styles.headerAnimation).toBe('aurora-curtain-drift');
      42 | });
        at /Users/streetratz/Personal/MyGH-Personal/HomeDash/frontend/tests/e2e/auroraEffects.spec.ts:39:61

    attachment #1: screenshot (image/png) ──────────────────────────────────────────────────────────
    test-results/auroraEffects-Aurora-surfa-97277--animated-curtain-gradients-chromium/test-failed-1.png
    ────────────────────────────────────────────────────────────────────────────────────────────────

    Error Context: test-results/auroraEffects-Aurora-surfa-97277--animated-curtain-gradients-chromium/error-context.md

  2) [chromium] › tests/e2e/backgroundSettings.spec.ts:45:3 › Background settings in DashboardDialog (T021) › solid color background: set, save, verify persistence, then reset to none 

    [31mTest timeout of 30000ms exceeded.[39m

    Error: apiRequestContext.delete: Test timeout of 30000ms exceeded.

      32 |   dashboardId: string,
      33 | ): Promise<void> {
    > 34 |   const response = await page.request.delete(`/api/admin/dashboards/${dashboardId}`, {
         |                                             ^
      35 |     headers: { 'x-csrf-token': csrf },
      36 |   });
      37 |   await expectApiOk(response, 'Delete dashboard');
        at deleteDashboardViaApi (/Users/streetratz/Personal/MyGH-Personal/HomeDash/frontend/tests/e2e/backgroundSettings.spec.ts:34:45)
        at /Users/streetratz/Personal/MyGH-Personal/HomeDash/frontend/tests/e2e/backgroundSettings.spec.ts:124:13

    attachment #1: screenshot (image/png) ──────────────────────────────────────────────────────────
    test-results/backgroundSettings-Backgro-079c0-sistence-then-reset-to-none-chromium/test-failed-1.png
    ────────────────────────────────────────────────────────────────────────────────────────────────

    Error Context: test-results/backgroundSettings-Backgro-079c0-sistence-then-reset-to-none-chromium/error-context.md

  3) [chromium] › tests/e2e/iconPicker.spec.ts:129:3 › Icon rendering on links_list widget (T020) › link with iconKey renders a non-Globe icon; link without iconKey renders Globe 

    Error: [2mexpect([22m[31mreceived[39m[2m).[22mnot[2m.[22mtoBe[2m([22m[32mexpected[39m[2m) // Object.is equality[22m

    Expected: not [32m"<circle cx=\"12\" cy=\"12\" r=\"10\"></circle><path d=\"M12 2a14.5 14.5 0 0 0 0 20 14.5 14.5 0 0 0 0-20\"></path><path d=\"M2 12h20\"></path>"[39m

      156 |       const githubHtml = await githubSvg.innerHTML();
      157 |       const plainHtml = await plainSvg.innerHTML();
    > 158 |       expect(githubHtml).not.toBe(plainHtml);
          |                              ^
      159 |     } finally {
      160 |       await cleanupDashboard(page, csrfToken, dashId);
      161 |     }
        at /Users/streetratz/Personal/MyGH-Personal/HomeDash/frontend/tests/e2e/iconPicker.spec.ts:158:30

    attachment #1: screenshot (image/png) ──────────────────────────────────────────────────────────
    test-results/iconPicker-Icon-rendering--f2c42-thout-iconKey-renders-Globe-chromium/test-failed-1.png
    ────────────────────────────────────────────────────────────────────────────────────────────────

    Error Context: test-results/iconPicker-Icon-rendering--f2c42-thout-iconKey-renders-Globe-chromium/error-context.md

  4) [chromium] › tests/e2e/importExport.spec.ts:112:3 › Dashboard Import/Export E2E (T022) › export downloads valid JSON; import re-creates it 

    [31mTest timeout of 30000ms exceeded.[39m

    Error: apiRequestContext.delete: Test timeout of 30000ms exceeded.

      78 |   dashboardId: string,
      79 | ): Promise<void> {
    > 80 |   const response = await page.request.delete(`/api/admin/dashboards/${dashboardId}`, {
         |                                             ^
      81 |     headers: { 'x-csrf-token': csrf },
      82 |   });
      83 |   await expectApiOk(response, 'Delete dashboard fixture');
        at deleteDashboardViaApi (/Users/streetratz/Personal/MyGH-Personal/HomeDash/frontend/tests/e2e/importExport.spec.ts:80:45)
        at /Users/streetratz/Personal/MyGH-Personal/HomeDash/frontend/tests/e2e/importExport.spec.ts:207:13

    attachment #1: screenshot (image/png) ──────────────────────────────────────────────────────────
    test-results/importExport-Dashboard-Imp-749de-d-JSON-import-re-creates-it-chromium/test-failed-1.png
    ────────────────────────────────────────────────────────────────────────────────────────────────

    Error Context: test-results/importExport-Dashboard-Imp-749de-d-JSON-import-re-creates-it-chromium/error-context.md

  5) [chromium] › tests/e2e/importExport.spec.ts:211:3 › Dashboard Import/Export E2E (T022) › import with name conflict shows conflict resolution UI 

    [31mTest timeout of 30000ms exceeded.[39m

    Error: apiRequestContext.delete: Test timeout of 30000ms exceeded.

      78 |   dashboardId: string,
      79 | ): Promise<void> {
    > 80 |   const response = await page.request.delete(`/api/admin/dashboards/${dashboardId}`, {
         |                                             ^
      81 |     headers: { 'x-csrf-token': csrf },
      82 |   });
      83 |   await expectApiOk(response, 'Delete dashboard fixture');
        at deleteDashboardViaApi (/Users/streetratz/Personal/MyGH-Personal/HomeDash/frontend/tests/e2e/importExport.spec.ts:80:45)
        at /Users/streetratz/Personal/MyGH-Personal/HomeDash/frontend/tests/e2e/importExport.spec.ts:286:13

    attachment #1: screenshot (image/png) ──────────────────────────────────────────────────────────
    test-results/importExport-Dashboard-Imp-43822-hows-conflict-resolution-UI-chromium/test-failed-1.png
    ────────────────────────────────────────────────────────────────────────────────────────────────

    Error Context: test-results/importExport-Dashboard-Imp-43822-hows-conflict-resolution-UI-chromium/error-context.md

  6) [chromium] › tests/e2e/shellSettings.spec.ts:30:3 › Shell settings — admin › updating titleText reflects in shell header 

    [31mTest timeout of 30000ms exceeded.[39m

    Error: locator.click: Test timeout of 30000ms exceeded.
    Call log:
    [2m  - waiting for getByTestId('user-menu')[22m


      18 |   // Open UserMenu and click Settings link
      19 |   const userMenu = page.getByTestId('user-menu');
    > 20 |   await userMenu.click();
         |                  ^
      21 |   await page.getByTestId('settings-link').click();
      22 |   await page.waitForURL('/settings');
      23 | }
        at navigateToSettings (/Users/streetratz/Personal/MyGH-Personal/HomeDash/frontend/tests/e2e/shellSettings.spec.ts:20:18)
        at /Users/streetratz/Personal/MyGH-Personal/HomeDash/frontend/tests/e2e/shellSettings.spec.ts:31:11

    attachment #1: screenshot (image/png) ──────────────────────────────────────────────────────────
    test-results/shellSettings-Shell-settin-3cee3-xt-reflects-in-shell-header-chromium/test-failed-1.png
    ────────────────────────────────────────────────────────────────────────────────────────────────

    Error Context: test-results/shellSettings-Shell-settin-3cee3-xt-reflects-in-shell-header-chromium/error-context.md

  7) [chromium] › tests/e2e/shellSettings.spec.ts:50:3 › Shell settings — admin › updating footerText reflects in footer 

    [31mTest timeout of 30000ms exceeded.[39m

    Error: locator.click: Test timeout of 30000ms exceeded.
    Call log:
    [2m  - waiting for getByTestId('user-menu')[22m


      18 |   // Open UserMenu and click Settings link
      19 |   const userMenu = page.getByTestId('user-menu');
    > 20 |   await userMenu.click();
         |                  ^
      21 |   await page.getByTestId('settings-link').click();
      22 |   await page.waitForURL('/settings');
      23 | }
        at navigateToSettings (/Users/streetratz/Personal/MyGH-Personal/HomeDash/frontend/tests/e2e/shellSettings.spec.ts:20:18)
        at /Users/streetratz/Personal/MyGH-Personal/HomeDash/frontend/tests/e2e/shellSettings.spec.ts:51:11

    attachment #1: screenshot (image/png) ──────────────────────────────────────────────────────────
    test-results/shellSettings-Shell-settin-b4aec-oterText-reflects-in-footer-chromium/test-failed-1.png
    ────────────────────────────────────────────────────────────────────────────────────────────────

    Error Context: test-results/shellSettings-Shell-settin-b4aec-oterText-reflects-in-footer-chromium/error-context.md

  8) [chromium] › tests/e2e/shellSettings.spec.ts:68:3 › Shell settings — admin › enabling clock strip shows it on the dashboard 

    [31mTest timeout of 30000ms exceeded.[39m

    Error: locator.click: Test timeout of 30000ms exceeded.
    Call log:
    [2m  - waiting for getByTestId('user-menu')[22m


      18 |   // Open UserMenu and click Settings link
      19 |   const userMenu = page.getByTestId('user-menu');
    > 20 |   await userMenu.click();
         |                  ^
      21 |   await page.getByTestId('settings-link').click();
      22 |   await page.waitForURL('/settings');
      23 | }
        at navigateToSettings (/Users/streetratz/Personal/MyGH-Personal/HomeDash/frontend/tests/e2e/shellSettings.spec.ts:20:18)
        at /Users/streetratz/Personal/MyGH-Personal/HomeDash/frontend/tests/e2e/shellSettings.spec.ts:69:11

    attachment #1: screenshot (image/png) ──────────────────────────────────────────────────────────
    test-results/shellSettings-Shell-settin-51677-p-shows-it-on-the-dashboard-chromium/test-failed-1.png
    ────────────────────────────────────────────────────────────────────────────────────────────────

    Error Context: test-results/shellSettings-Shell-settin-51677-p-shows-it-on-the-dashboard-chromium/error-context.md

  8 failed
    [chromium] › tests/e2e/auroraEffects.spec.ts:22:1 › Aurora surfaces use layered animated curtain gradients 
    [chromium] › tests/e2e/backgroundSettings.spec.ts:45:3 › Background settings in DashboardDialog (T021) › solid color background: set, save, verify persistence, then reset to none 
    [chromium] › tests/e2e/iconPicker.spec.ts:129:3 › Icon rendering on links_list widget (T020) › link with iconKey renders a non-Globe icon; link without iconKey renders Globe 
    [chromium] › tests/e2e/importExport.spec.ts:112:3 › Dashboard Import/Export E2E (T022) › export downloads valid JSON; import re-creates it 
    [chromium] › tests/e2e/importExport.spec.ts:211:3 › Dashboard Import/Export E2E (T022) › import with name conflict shows conflict resolution UI 
    [chromium] › tests/e2e/shellSettings.spec.ts:30:3 › Shell settings — admin › updating titleText reflects in shell header 
    [chromium] › tests/e2e/shellSettings.spec.ts:50:3 › Shell settings — admin › updating footerText reflects in footer 
    [chromium] › tests/e2e/shellSettings.spec.ts:68:3 › Shell settings — admin › enabling clock strip shows it on the dashboard 
  1 skipped
  18 passed (3.4m)
undefined
/Users/streetratz/Personal/MyGH-Personal/HomeDash/frontend:
[ERR_PNPM_RECURSIVE_EXEC_FIRST_FAIL] Command failed with exit code 1: playwright test '--project=chromium'
