$ playwright test

Running 58 tests using 1 worker

  ✘   1 [chromium] › tests/e2e/auroraEffects.spec.ts:33:1 › Aurora surfaces use layered animated curtain gradients (847ms)
  ✓   2 [chromium] › tests/e2e/auroraEffects.spec.ts:56:3 › reduced motion › Aurora curtain movement is disabled (539ms)
  ✘   3 [chromium] › tests/e2e/backgroundSettings.spec.ts:79:3 › Background settings in DashboardDialog (T021) › solid color background: set, save, verify persistence, then reset to none (30.1s)
  ✓   4 [chromium] › tests/e2e/dockerConnection.spec.ts:58:3 › Docker connection form — endpoint formats › states the accepted formats and their default ports before any input (817ms)
  ✓   5 [chromium] › tests/e2e/dockerConnection.spec.ts:70:3 › Docker connection form — endpoint formats › rejects an http:// endpoint and says what is accepted (499ms)
  ✓   6 [chromium] › tests/e2e/dockerConnection.spec.ts:80:3 › Docker connection form — endpoint formats › rejects a bare host:port (478ms)
  ✓   7 [chromium] › tests/e2e/dockerConnection.spec.ts:90:3 › Docker connection form — endpoint formats › accepts a tcp:// endpoint — reports connectivity, not a format error (477ms)
  ✓   8 [chromium] › tests/e2e/emptyDashboard.spec.ts:25:3 › No-dashboard empty state › offers admins a direct action without exposing it publicly (409ms)
  -   9 [chromium] › tests/e2e/firstRun.spec.ts:16:3 › First-run flow › redirects to /first-run, creates admin, and lands on dashboard shell
  ✘  10 [chromium] › tests/e2e/iconPicker.spec.ts:164:3 › Icon rendering on links_list widget (T020) › link with iconKey renders a non-Globe icon; link without iconKey renders Globe (415ms)
  -  11 [chromium] › tests/e2e/iconPicker.spec.ts:204:8 › IconPicker performance (T023) › icon search returns results within 200ms
  ✘  12 [chromium] › tests/e2e/importExport.spec.ts:143:3 › Dashboard Import/Export E2E (T022) › export downloads valid JSON; import re-creates it (30.1s)
  ✘  13 [chromium] › tests/e2e/importExport.spec.ts:242:3 › Dashboard Import/Export E2E (T022) › import with name conflict shows conflict resolution UI (30.1s)
  ✘  14 [chromium] › tests/e2e/publicWidgetVisibility.spec.ts:26:3 › Public widget visibility › renders through the public namespace and disappears after revocation (30.1s)
  ✘  15 [chromium] › tests/e2e/scheduledJobsResponsive.spec.ts:26:3 › Scheduled Jobs responsive layout › keeps job status and actions visible on mobile (433ms)
  ✘  16 [chromium] › tests/e2e/settingsNavigation.spec.ts:26:3 › Settings navigation › mobile selectors expose primary and nested settings destinations (30.0s)
  ✘  17 [chromium] › tests/e2e/settingsNavigation.spec.ts:52:3 › Settings navigation › desktop retains the labeled tab and sidebar navigation (30.0s)
  ✘  18 [chromium] › tests/e2e/shellSettings.spec.ts:61:3 › Shell settings — admin › updating titleText reflects in shell header (395ms)
  ✘  19 [chromium] › tests/e2e/shellSettings.spec.ts:88:3 › Shell settings — admin › updating footerText reflects in footer (413ms)
  ✘  20 [chromium] › tests/e2e/shellSettings.spec.ts:113:3 › Shell settings — admin › enabling clock strip shows it on the dashboard (403ms)
  ✘  21 [chromium] › tests/e2e/theme.spec.ts:58:3 › Theme toggle — unauthenticated user › toggling theme persists in localStorage after page reload (414ms)
  ✘  22 [chromium] › tests/e2e/theme.spec.ts:96:3 › Theme toggle — authenticated admin › toggling theme persists server-side after page reload (411ms)
  ✓  23 [chromium] › tests/e2e/unauthView.spec.ts:44:3 › Unauthenticated view › shows read-only dashboard shell without redirecting to first-run (171ms)
  ✓  24 [chromium] › tests/e2e/unauthView.spec.ts:66:3 › Unauthenticated view › login page is accessible from the login link (269ms)
  ✘  25 [chromium] › tests/e2e/widgetTypes.spec.ts:147:3 › Clock/Date widget — E2E (US4) › 12hr clock shows AM/PM and updates live (30.0s)
  ✘  26 [chromium] › tests/e2e/widgetTypes.spec.ts:182:3 › Clock/Date widget — E2E (US4) › 24hr clock shows time in HH:MM range (30.0s)
  ✘  27 [chromium] › tests/e2e/widgetTypes.spec.ts:213:3 › Clock/Date widget — E2E (US4) › unconfigured timezone defaults to browser-local (30.0s)
  ✘  28 [chromium] › tests/e2e/widgetTypes.spec.ts:237:3 › Clock/Date widget — E2E (US4) › configured timezone displays timezone label (30.0s)
  ✘  29 [chromium] › tests/e2e/widgetTypes.spec.ts:264:3 › Clock/Date widget — E2E (US4) › invalid timezone falls back gracefully (no crash) (30.0s)
  ✓  30 [mobile-safari] › tests/e2e/auroraEffects.spec.ts:33:1 › Aurora surfaces use layered animated curtain gradients (1.5s)
  ✓  31 [mobile-safari] › tests/e2e/auroraEffects.spec.ts:56:3 › reduced motion › Aurora curtain movement is disabled (741ms)
  ✘  32 [mobile-safari] › tests/e2e/backgroundSettings.spec.ts:79:3 › Background settings in DashboardDialog (T021) › solid color background: set, save, verify persistence, then reset to none (30.1s)
  ✘  33 [mobile-safari] › tests/e2e/dockerConnection.spec.ts:58:3 › Docker connection form — endpoint formats › states the accepted formats and their default ports before any input (30.0s)
  ✘  34 [mobile-safari] › tests/e2e/dockerConnection.spec.ts:70:3 › Docker connection form — endpoint formats › rejects an http:// endpoint and says what is accepted (30.1s)
  ✘  35 [mobile-safari] › tests/e2e/dockerConnection.spec.ts:80:3 › Docker connection form — endpoint formats › rejects a bare host:port (30.1s)
  ✘  36 [mobile-safari] › tests/e2e/dockerConnection.spec.ts:90:3 › Docker connection form — endpoint formats › accepts a tcp:// endpoint — reports connectivity, not a format error (30.1s)
  ✘  37 [mobile-safari] › tests/e2e/emptyDashboard.spec.ts:25:3 › No-dashboard empty state › offers admins a direct action without exposing it publicly (649ms)
  -  38 [mobile-safari] › tests/e2e/firstRun.spec.ts:16:3 › First-run flow › redirects to /first-run, creates admin, and lands on dashboard shell
  ✘  39 [mobile-safari] › tests/e2e/iconPicker.spec.ts:164:3 › Icon rendering on links_list widget (T020) › link with iconKey renders a non-Globe icon; link without iconKey renders Globe (30.1s)
  -  40 [mobile-safari] › tests/e2e/iconPicker.spec.ts:204:8 › IconPicker performance (T023) › icon search returns results within 200ms
  ✘  41 [mobile-safari] › tests/e2e/importExport.spec.ts:143:3 › Dashboard Import/Export E2E (T022) › export downloads valid JSON; import re-creates it (30.1s)
  ✘  42 [mobile-safari] › tests/e2e/importExport.spec.ts:242:3 › Dashboard Import/Export E2E (T022) › import with name conflict shows conflict resolution UI (30.0s)
  ✘  43 [mobile-safari] › tests/e2e/publicWidgetVisibility.spec.ts:26:3 › Public widget visibility › renders through the public namespace and disappears after revocation (712ms)
  ✘  44 [mobile-safari] › tests/e2e/scheduledJobsResponsive.spec.ts:26:3 › Scheduled Jobs responsive layout › keeps job status and actions visible on mobile (797ms)
  ✘  45 [mobile-safari] › tests/e2e/settingsNavigation.spec.ts:26:3 › Settings navigation › mobile selectors expose primary and nested settings destinations (30.1s)
  ✘  46 [mobile-safari] › tests/e2e/settingsNavigation.spec.ts:52:3 › Settings navigation › desktop retains the labeled tab and sidebar navigation (30.1s)
  ✘  47 [mobile-safari] › tests/e2e/shellSettings.spec.ts:61:3 › Shell settings — admin › updating titleText reflects in shell header (652ms)
  ✘  48 [mobile-safari] › tests/e2e/shellSettings.spec.ts:88:3 › Shell settings — admin › updating footerText reflects in footer (660ms)
  ✘  49 [mobile-safari] › tests/e2e/shellSettings.spec.ts:113:3 › Shell settings — admin › enabling clock strip shows it on the dashboard (650ms)
  ✘  50 [mobile-safari] › tests/e2e/theme.spec.ts:58:3 › Theme toggle — unauthenticated user › toggling theme persists in localStorage after page reload (664ms)
  ✘  51 [mobile-safari] › tests/e2e/theme.spec.ts:96:3 › Theme toggle — authenticated admin › toggling theme persists server-side after page reload (667ms)
  ✓  52 [mobile-safari] › tests/e2e/unauthView.spec.ts:44:3 › Unauthenticated view › shows read-only dashboard shell without redirecting to first-run (840ms)
  ✓  53 [mobile-safari] › tests/e2e/unauthView.spec.ts:66:3 › Unauthenticated view › login page is accessible from the login link (1.0s)
  ✘  54 [mobile-safari] › tests/e2e/widgetTypes.spec.ts:147:3 › Clock/Date widget — E2E (US4) › 12hr clock shows AM/PM and updates live (30.0s)
  ✘  55 [mobile-safari] › tests/e2e/widgetTypes.spec.ts:182:3 › Clock/Date widget — E2E (US4) › 24hr clock shows time in HH:MM range (30.1s)
  ✘  56 [mobile-safari] › tests/e2e/widgetTypes.spec.ts:213:3 › Clock/Date widget — E2E (US4) › unconfigured timezone defaults to browser-local (30.1s)
  ✘  57 [mobile-safari] › tests/e2e/widgetTypes.spec.ts:237:3 › Clock/Date widget — E2E (US4) › configured timezone displays timezone label (30.1s)
  ✘  58 [mobile-safari] › tests/e2e/widgetTypes.spec.ts:264:3 › Clock/Date widget — E2E (US4) › invalid timezone falls back gracefully (no crash) (30.0s)


  1) [chromium] › tests/e2e/auroraEffects.spec.ts:33:1 › Aurora surfaces use layered animated curtain gradients 

    TypeError: [2mexpect([22m[31mreceived[39m[2m).[22mtoHaveLength[2m([22m[32mexpected[39m[2m)[22m

    [1mMatcher error[22m: [31mreceived[39m value must have a length property whose value must be a number

    Received has value: [31mnull[39m

      48 |
      49 |   expect(styles.widgetBackground.match(/radial-gradient/g)).toHaveLength(3);
    > 50 |   expect(styles.headerBackground.match(/radial-gradient/g)).toHaveLength(3);
         |                                                             ^
      51 |   expect(styles.widgetAnimation).toBe('aurora-surface-drift');
      52 |   expect(styles.headerAnimation).toBe('aurora-curtain-drift');
      53 | });
        at $REPO/frontend/tests/e2e/auroraEffects.spec.ts:50:61

    attachment #1: screenshot (image/png) ──────────────────────────────────────────────────────────
    test-results/auroraEffects-Aurora-surfa-97277--animated-curtain-gradients-chromium/test-failed-1.png
    ────────────────────────────────────────────────────────────────────────────────────────────────

    Error Context: test-results/auroraEffects-Aurora-surfa-97277--animated-curtain-gradients-chromium/error-context.md

  2) [chromium] › tests/e2e/backgroundSettings.spec.ts:79:3 › Background settings in DashboardDialog (T021) › solid color background: set, save, verify persistence, then reset to none 

    [31mTest timeout of 30000ms exceeded.[39m

    Error: apiRequestContext.delete: Test timeout of 30000ms exceeded.

      67 |   dashboardId: string,
      68 | ): Promise<void> {
    > 69 |   await page.request.delete(`/api/admin/dashboards/${dashboardId}`, {
         |                            ^
      70 |     headers: { 'x-csrf-token': csrf },
      71 |   });
      72 | }
        at deleteDashboardViaApi ($REPO/frontend/tests/e2e/backgroundSettings.spec.ts:69:28)
        at $REPO/frontend/tests/e2e/backgroundSettings.spec.ts:158:13

    attachment #1: screenshot (image/png) ──────────────────────────────────────────────────────────
    test-results/backgroundSettings-Backgro-079c0-sistence-then-reset-to-none-chromium/test-failed-1.png
    ────────────────────────────────────────────────────────────────────────────────────────────────

    Error Context: test-results/backgroundSettings-Backgro-079c0-sistence-then-reset-to-none-chromium/error-context.md

  3) [chromium] › tests/e2e/iconPicker.spec.ts:164:3 › Icon rendering on links_list widget (T020) › link with iconKey renders a non-Globe icon; link without iconKey renders Globe 

    Error: [2mexpect([22m[31mlocator[39m[2m).[22mtoBeVisible[2m([22m[2m)[22m failed

    Locator: locator('a[href="https://github.com"]').locator('svg')
    Expected: visible
    Error: strict mode violation: locator('a[href="https://github.com"]').locator('svg') resolved to 2 elements:
        1) <svg width="24" height="24" fill="none" stroke-width="2" aria-hidden="true" viewBox="0 0 24 24" stroke="currentColor" stroke-linecap="round" stroke-linejoin="round" xmlns="http://www.w3.org/2000/svg" class="lucide lucide-globe h-4 w-4 shrink-0 text-muted-foreground transition-colors group-hover:text-foreground">…</svg> aka getByRole('link', { name: 'GitHub Link' })
        2) <svg width="24" height="24" fill="none" stroke-width="2" aria-hidden="true" viewBox="0 0 24 24" stroke="currentColor" stroke-linecap="round" stroke-linejoin="round" xmlns="http://www.w3.org/2000/svg" class="lucide lucide-external-link h-3 w-3 shrink-0 text-muted-foreground/50 opacity-0 transition-opacity group-hover:opacity-100">…</svg> aka getByRole('link', { name: 'GitHub Link' })

    Call log:
    [2m  - Expect "toBeVisible" with timeout 5000ms[22m
    [2m  - waiting for locator('a[href="https://github.com"]').locator('svg')[22m


      179 |       const githubLink = page.locator('a[href="https://github.com"]');
      180 |       const githubSvg = githubLink.locator('svg');
    > 181 |       await expect(githubSvg).toBeVisible();
          |                               ^
      182 |
      183 |       // The Plain Link should also have an SVG (the Globe default).
      184 |       const plainLink = page.locator('a[href="https://example.com"]');
        at $REPO/frontend/tests/e2e/iconPicker.spec.ts:181:31

    attachment #1: screenshot (image/png) ──────────────────────────────────────────────────────────
    test-results/iconPicker-Icon-rendering--f2c42-thout-iconKey-renders-Globe-chromium/test-failed-1.png
    ────────────────────────────────────────────────────────────────────────────────────────────────

    Error Context: test-results/iconPicker-Icon-rendering--f2c42-thout-iconKey-renders-Globe-chromium/error-context.md

  4) [chromium] › tests/e2e/importExport.spec.ts:143:3 › Dashboard Import/Export E2E (T022) › export downloads valid JSON; import re-creates it 

    [31mTest timeout of 30000ms exceeded.[39m

    Error: apiRequestContext.delete: Test timeout of 30000ms exceeded.

      110 |   dashboardId: string,
      111 | ): Promise<void> {
    > 112 |   await page.request.delete(`/api/admin/dashboards/${dashboardId}`, {
          |                            ^
      113 |     headers: { 'x-csrf-token': csrf },
      114 |   });
      115 | }
        at deleteDashboardViaApi ($REPO/frontend/tests/e2e/importExport.spec.ts:112:28)
        at $REPO/frontend/tests/e2e/importExport.spec.ts:238:13

    attachment #1: screenshot (image/png) ──────────────────────────────────────────────────────────
    test-results/importExport-Dashboard-Imp-749de-d-JSON-import-re-creates-it-chromium/test-failed-1.png
    ────────────────────────────────────────────────────────────────────────────────────────────────

    Error Context: test-results/importExport-Dashboard-Imp-749de-d-JSON-import-re-creates-it-chromium/error-context.md

  5) [chromium] › tests/e2e/importExport.spec.ts:242:3 › Dashboard Import/Export E2E (T022) › import with name conflict shows conflict resolution UI 

    [31mTest timeout of 30000ms exceeded.[39m

    Error: apiRequestContext.delete: Test timeout of 30000ms exceeded.

      110 |   dashboardId: string,
      111 | ): Promise<void> {
    > 112 |   await page.request.delete(`/api/admin/dashboards/${dashboardId}`, {
          |                            ^
      113 |     headers: { 'x-csrf-token': csrf },
      114 |   });
      115 | }
        at deleteDashboardViaApi ($REPO/frontend/tests/e2e/importExport.spec.ts:112:28)
        at $REPO/frontend/tests/e2e/importExport.spec.ts:317:13

    attachment #1: screenshot (image/png) ──────────────────────────────────────────────────────────
    test-results/importExport-Dashboard-Imp-43822-hows-conflict-resolution-UI-chromium/test-failed-1.png
    ────────────────────────────────────────────────────────────────────────────────────────────────

    Error Context: test-results/importExport-Dashboard-Imp-43822-hows-conflict-resolution-UI-chromium/error-context.md

  6) [chromium] › tests/e2e/publicWidgetVisibility.spec.ts:26:3 › Public widget visibility › renders through the public namespace and disappears after revocation 

    [31mTest timeout of 30000ms exceeded.[39m

    Error: apiRequestContext.put: Target page, context or browser has been closed

      121 |       await expect(page.getByRole('link', { name: 'Public Home Assistant' })).toBeVisible();
      122 |     } finally {
    > 123 |       await request.put('/api/admin/shell', {
          |                     ^
      124 |         headers,
      125 |         data: { unauthWebDashboardId: null, unauthMobileDashboardId: null },
      126 |       });
        at $REPO/frontend/tests/e2e/publicWidgetVisibility.spec.ts:123:21

    attachment #1: screenshot (image/png) ──────────────────────────────────────────────────────────
    test-results/publicWidgetVisibility-Pub-96ef4-disappears-after-revocation-chromium/test-failed-1.png
    ────────────────────────────────────────────────────────────────────────────────────────────────

    Error Context: test-results/publicWidgetVisibility-Pub-96ef4-disappears-after-revocation-chromium/error-context.md

  7) [chromium] › tests/e2e/scheduledJobsResponsive.spec.ts:26:3 › Scheduled Jobs responsive layout › keeps job status and actions visible on mobile 

    Error: [2mexpect([22m[31mreceived[39m[2m).[22mtoBe[2m([22m[32mexpected[39m[2m) // Object.is equality[22m

    Expected: [32mtrue[39m
    Received: [31mfalse[39m

      19 |     data: { username: 'admin', password: 'strongpassword1' },
      20 |   });
    > 21 |   expect(login.ok()).toBe(true);
         |                      ^
      22 |   return ((await login.json()) as { csrfToken: string }).csrfToken;
      23 | }
      24 |
        at ensureAdminSession ($REPO/frontend/tests/e2e/scheduledJobsResponsive.spec.ts:21:22)
        at $REPO/frontend/tests/e2e/scheduledJobsResponsive.spec.ts:28:18

    attachment #1: screenshot (image/png) ──────────────────────────────────────────────────────────
    test-results/scheduledJobsResponsive-Sc-97ce4-d-actions-visible-on-mobile-chromium/test-failed-1.png
    ────────────────────────────────────────────────────────────────────────────────────────────────

    Error Context: test-results/scheduledJobsResponsive-Sc-97ce4-d-actions-visible-on-mobile-chromium/error-context.md

  8) [chromium] › tests/e2e/settingsNavigation.spec.ts:26:3 › Settings navigation › mobile selectors expose primary and nested settings destinations 

    [31mTest timeout of 30000ms exceeded.[39m

    Error: page.waitForURL: Test timeout of 30000ms exceeded.
    =========================== logs ===========================
    waiting for navigation to "/" until "load"
    ============================================================

      20 |   await page.getByLabel('Password', { exact: true }).fill('strongpassword1');
      21 |   await page.getByRole('button', { name: /sign in/i }).click();
    > 22 |   await page.waitForURL('/');
         |              ^
      23 | }
      24 |
      25 | test.describe('Settings navigation', () => {
        at ensureAdminAndLogin ($REPO/frontend/tests/e2e/settingsNavigation.spec.ts:22:14)
        at $REPO/frontend/tests/e2e/settingsNavigation.spec.ts:28:5

    attachment #1: screenshot (image/png) ──────────────────────────────────────────────────────────
    test-results/settingsNavigation-Setting-8d785-ested-settings-destinations-chromium/test-failed-1.png
    ────────────────────────────────────────────────────────────────────────────────────────────────

    Error Context: test-results/settingsNavigation-Setting-8d785-ested-settings-destinations-chromium/error-context.md

  9) [chromium] › tests/e2e/settingsNavigation.spec.ts:52:3 › Settings navigation › desktop retains the labeled tab and sidebar navigation 

    [31mTest timeout of 30000ms exceeded.[39m

    Error: page.waitForURL: Test timeout of 30000ms exceeded.
    =========================== logs ===========================
    waiting for navigation to "/" until "load"
    ============================================================

      20 |   await page.getByLabel('Password', { exact: true }).fill('strongpassword1');
      21 |   await page.getByRole('button', { name: /sign in/i }).click();
    > 22 |   await page.waitForURL('/');
         |              ^
      23 | }
      24 |
      25 | test.describe('Settings navigation', () => {
        at ensureAdminAndLogin ($REPO/frontend/tests/e2e/settingsNavigation.spec.ts:22:14)
        at $REPO/frontend/tests/e2e/settingsNavigation.spec.ts:54:5

    attachment #1: screenshot (image/png) ──────────────────────────────────────────────────────────
    test-results/settingsNavigation-Setting-e3b23--tab-and-sidebar-navigation-chromium/test-failed-1.png
    ────────────────────────────────────────────────────────────────────────────────────────────────

    Error Context: test-results/settingsNavigation-Setting-e3b23--tab-and-sidebar-navigation-chromium/error-context.md

  10) [chromium] › tests/e2e/shellSettings.spec.ts:61:3 › Shell settings — admin › updating titleText reflects in shell header 

    SyntaxError: Unexpected token '<', "<!doctype "... is not valid JSON

      25 |   const res = await request.get('/api/bootstrap');
      26 |   if (!res.ok()) return false;
    > 27 |   const body = await res.json() as { firstRunRequired?: boolean };
         |                ^
      28 |   if (!body.firstRunRequired) return true;
      29 |
      30 |   await page.goto('/');
        at completeFirstRunIfNeeded ($REPO/frontend/tests/e2e/shellSettings.spec.ts:27:16)
        at $REPO/frontend/tests/e2e/shellSettings.spec.ts:62:19

    attachment #1: screenshot (image/png) ──────────────────────────────────────────────────────────
    test-results/shellSettings-Shell-settin-3cee3-xt-reflects-in-shell-header-chromium/test-failed-1.png
    ────────────────────────────────────────────────────────────────────────────────────────────────

    Error Context: test-results/shellSettings-Shell-settin-3cee3-xt-reflects-in-shell-header-chromium/error-context.md

  11) [chromium] › tests/e2e/shellSettings.spec.ts:88:3 › Shell settings — admin › updating footerText reflects in footer 

    SyntaxError: Unexpected token '<', "<!doctype "... is not valid JSON

      25 |   const res = await request.get('/api/bootstrap');
      26 |   if (!res.ok()) return false;
    > 27 |   const body = await res.json() as { firstRunRequired?: boolean };
         |                ^
      28 |   if (!body.firstRunRequired) return true;
      29 |
      30 |   await page.goto('/');
        at completeFirstRunIfNeeded ($REPO/frontend/tests/e2e/shellSettings.spec.ts:27:16)
        at $REPO/frontend/tests/e2e/shellSettings.spec.ts:89:19

    attachment #1: screenshot (image/png) ──────────────────────────────────────────────────────────
    test-results/shellSettings-Shell-settin-b4aec-oterText-reflects-in-footer-chromium/test-failed-1.png
    ────────────────────────────────────────────────────────────────────────────────────────────────

    Error Context: test-results/shellSettings-Shell-settin-b4aec-oterText-reflects-in-footer-chromium/error-context.md

  12) [chromium] › tests/e2e/shellSettings.spec.ts:113:3 › Shell settings — admin › enabling clock strip shows it on the dashboard 

    SyntaxError: Unexpected token '<', "<!doctype "... is not valid JSON

      25 |   const res = await request.get('/api/bootstrap');
      26 |   if (!res.ok()) return false;
    > 27 |   const body = await res.json() as { firstRunRequired?: boolean };
         |                ^
      28 |   if (!body.firstRunRequired) return true;
      29 |
      30 |   await page.goto('/');
        at completeFirstRunIfNeeded ($REPO/frontend/tests/e2e/shellSettings.spec.ts:27:16)
        at $REPO/frontend/tests/e2e/shellSettings.spec.ts:114:19

    attachment #1: screenshot (image/png) ──────────────────────────────────────────────────────────
    test-results/shellSettings-Shell-settin-51677-p-shows-it-on-the-dashboard-chromium/test-failed-1.png
    ────────────────────────────────────────────────────────────────────────────────────────────────

    Error Context: test-results/shellSettings-Shell-settin-51677-p-shows-it-on-the-dashboard-chromium/error-context.md

  13) [chromium] › tests/e2e/theme.spec.ts:58:3 › Theme toggle — unauthenticated user › toggling theme persists in localStorage after page reload 

    SyntaxError: Unexpected token '<', "<!doctype "... is not valid JSON

      24 |   const res = await request.get('/api/bootstrap');
      25 |   if (!res.ok()) return false;
    > 26 |   const body = await res.json() as { firstRunRequired?: boolean };
         |                ^
      27 |   if (!body.firstRunRequired) return true;
      28 |
      29 |   await page.goto('/');
        at completeFirstRunIfNeeded ($REPO/frontend/tests/e2e/theme.spec.ts:26:16)
        at $REPO/frontend/tests/e2e/theme.spec.ts:59:19

    attachment #1: screenshot (image/png) ──────────────────────────────────────────────────────────
    test-results/theme-Theme-toggle-—-unaut-1d187-alStorage-after-page-reload-chromium/test-failed-1.png
    ────────────────────────────────────────────────────────────────────────────────────────────────

    Error Context: test-results/theme-Theme-toggle-—-unaut-1d187-alStorage-after-page-reload-chromium/error-context.md

  14) [chromium] › tests/e2e/theme.spec.ts:96:3 › Theme toggle — authenticated admin › toggling theme persists server-side after page reload 

    SyntaxError: Unexpected token '<', "<!doctype "... is not valid JSON

      24 |   const res = await request.get('/api/bootstrap');
      25 |   if (!res.ok()) return false;
    > 26 |   const body = await res.json() as { firstRunRequired?: boolean };
         |                ^
      27 |   if (!body.firstRunRequired) return true;
      28 |
      29 |   await page.goto('/');
        at completeFirstRunIfNeeded ($REPO/frontend/tests/e2e/theme.spec.ts:26:16)
        at $REPO/frontend/tests/e2e/theme.spec.ts:97:19

    attachment #1: screenshot (image/png) ──────────────────────────────────────────────────────────
    test-results/theme-Theme-toggle-—-authe-b1821-rver-side-after-page-reload-chromium/test-failed-1.png
    ────────────────────────────────────────────────────────────────────────────────────────────────

    Error Context: test-results/theme-Theme-toggle-—-authe-b1821-rver-side-after-page-reload-chromium/error-context.md

  15) [chromium] › tests/e2e/widgetTypes.spec.ts:147:3 › Clock/Date widget — E2E (US4) › 12hr clock shows AM/PM and updates live 

    [31mTest timeout of 30000ms exceeded.[39m

    Error: page.waitForURL: Test timeout of 30000ms exceeded.
    =========================== logs ===========================
    waiting for navigation to "/" until "load"
    ============================================================

      49 |   await page.getByLabel('Password', { exact: true }).fill('strongpassword1');
      50 |   await page.getByRole('button', { name: /sign in/i }).click();
    > 51 |   await page.waitForURL('/');
         |              ^
      52 |
      53 |   // Fetch CSRF from /api/auth/me — page.request shares the page's cookies
      54 |   const meRes = await api.get('/api/auth/me');
        at ensureAdminAndLogin ($REPO/frontend/tests/e2e/widgetTypes.spec.ts:51:14)
        at $REPO/frontend/tests/e2e/widgetTypes.spec.ts:148:18

    attachment #1: screenshot (image/png) ──────────────────────────────────────────────────────────
    test-results/widgetTypes-Clock-Date-wid-617af-hows-AM-PM-and-updates-live-chromium/test-failed-1.png
    ────────────────────────────────────────────────────────────────────────────────────────────────

    Error Context: test-results/widgetTypes-Clock-Date-wid-617af-hows-AM-PM-and-updates-live-chromium/error-context.md

  16) [chromium] › tests/e2e/widgetTypes.spec.ts:182:3 › Clock/Date widget — E2E (US4) › 24hr clock shows time in HH:MM range 

    [31mTest timeout of 30000ms exceeded.[39m

    Error: page.waitForURL: Test timeout of 30000ms exceeded.
    =========================== logs ===========================
    waiting for navigation to "/" until "load"
    ============================================================

      49 |   await page.getByLabel('Password', { exact: true }).fill('strongpassword1');
      50 |   await page.getByRole('button', { name: /sign in/i }).click();
    > 51 |   await page.waitForURL('/');
         |              ^
      52 |
      53 |   // Fetch CSRF from /api/auth/me — page.request shares the page's cookies
      54 |   const meRes = await api.get('/api/auth/me');
        at ensureAdminAndLogin ($REPO/frontend/tests/e2e/widgetTypes.spec.ts:51:14)
        at $REPO/frontend/tests/e2e/widgetTypes.spec.ts:183:18

    attachment #1: screenshot (image/png) ──────────────────────────────────────────────────────────
    test-results/widgetTypes-Clock-Date-wid-e45a3-k-shows-time-in-HH-MM-range-chromium/test-failed-1.png
    ────────────────────────────────────────────────────────────────────────────────────────────────

    Error Context: test-results/widgetTypes-Clock-Date-wid-e45a3-k-shows-time-in-HH-MM-range-chromium/error-context.md

  17) [chromium] › tests/e2e/widgetTypes.spec.ts:213:3 › Clock/Date widget — E2E (US4) › unconfigured timezone defaults to browser-local 

    [31mTest timeout of 30000ms exceeded.[39m

    Error: page.waitForURL: Test timeout of 30000ms exceeded.
    =========================== logs ===========================
    waiting for navigation to "/" until "load"
    ============================================================

      49 |   await page.getByLabel('Password', { exact: true }).fill('strongpassword1');
      50 |   await page.getByRole('button', { name: /sign in/i }).click();
    > 51 |   await page.waitForURL('/');
         |              ^
      52 |
      53 |   // Fetch CSRF from /api/auth/me — page.request shares the page's cookies
      54 |   const meRes = await api.get('/api/auth/me');
        at ensureAdminAndLogin ($REPO/frontend/tests/e2e/widgetTypes.spec.ts:51:14)
        at $REPO/frontend/tests/e2e/widgetTypes.spec.ts:214:18

    attachment #1: screenshot (image/png) ──────────────────────────────────────────────────────────
    test-results/widgetTypes-Clock-Date-wid-95c2c-e-defaults-to-browser-local-chromium/test-failed-1.png
    ────────────────────────────────────────────────────────────────────────────────────────────────

    Error Context: test-results/widgetTypes-Clock-Date-wid-95c2c-e-defaults-to-browser-local-chromium/error-context.md

  18) [chromium] › tests/e2e/widgetTypes.spec.ts:237:3 › Clock/Date widget — E2E (US4) › configured timezone displays timezone label 

    [31mTest timeout of 30000ms exceeded.[39m

    Error: page.waitForURL: Test timeout of 30000ms exceeded.
    =========================== logs ===========================
    waiting for navigation to "/" until "load"
    ============================================================

      49 |   await page.getByLabel('Password', { exact: true }).fill('strongpassword1');
      50 |   await page.getByRole('button', { name: /sign in/i }).click();
    > 51 |   await page.waitForURL('/');
         |              ^
      52 |
      53 |   // Fetch CSRF from /api/auth/me — page.request shares the page's cookies
      54 |   const meRes = await api.get('/api/auth/me');
        at ensureAdminAndLogin ($REPO/frontend/tests/e2e/widgetTypes.spec.ts:51:14)
        at $REPO/frontend/tests/e2e/widgetTypes.spec.ts:238:18

    attachment #1: screenshot (image/png) ──────────────────────────────────────────────────────────
    test-results/widgetTypes-Clock-Date-wid-38e7e-one-displays-timezone-label-chromium/test-failed-1.png
    ────────────────────────────────────────────────────────────────────────────────────────────────

    Error Context: test-results/widgetTypes-Clock-Date-wid-38e7e-one-displays-timezone-label-chromium/error-context.md

  19) [chromium] › tests/e2e/widgetTypes.spec.ts:264:3 › Clock/Date widget — E2E (US4) › invalid timezone falls back gracefully (no crash) 

    [31mTest timeout of 30000ms exceeded.[39m

    Error: page.waitForURL: Test timeout of 30000ms exceeded.
    =========================== logs ===========================
    waiting for navigation to "/" until "load"
    ============================================================

      49 |   await page.getByLabel('Password', { exact: true }).fill('strongpassword1');
      50 |   await page.getByRole('button', { name: /sign in/i }).click();
    > 51 |   await page.waitForURL('/');
         |              ^
      52 |
      53 |   // Fetch CSRF from /api/auth/me — page.request shares the page's cookies
      54 |   const meRes = await api.get('/api/auth/me');
        at ensureAdminAndLogin ($REPO/frontend/tests/e2e/widgetTypes.spec.ts:51:14)
        at $REPO/frontend/tests/e2e/widgetTypes.spec.ts:267:18

    attachment #1: screenshot (image/png) ──────────────────────────────────────────────────────────
    test-results/widgetTypes-Clock-Date-wid-e6157-s-back-gracefully-no-crash--chromium/test-failed-1.png
    ────────────────────────────────────────────────────────────────────────────────────────────────

    Error Context: test-results/widgetTypes-Clock-Date-wid-e6157-s-back-gracefully-no-crash--chromium/error-context.md

  20) [mobile-safari] › tests/e2e/backgroundSettings.spec.ts:79:3 › Background settings in DashboardDialog (T021) › solid color background: set, save, verify persistence, then reset to none 

    [31mTest timeout of 30000ms exceeded.[39m

    Error: page.waitForURL: Test timeout of 30000ms exceeded.
    =========================== logs ===========================
    waiting for navigation to "/" until "load"
    ============================================================

      35 |   await page.getByLabel('Password', { exact: true }).fill('strongpassword1');
      36 |   await page.getByRole('button', { name: /sign in/i }).click();
    > 37 |   await page.waitForURL('/');
         |              ^
      38 |
      39 |   const meRes = await api.get('/api/auth/me');
      40 |   if (!meRes.ok()) {
        at ensureAdminAndLogin ($REPO/frontend/tests/e2e/backgroundSettings.spec.ts:37:14)
        at $REPO/frontend/tests/e2e/backgroundSettings.spec.ts:82:18

    attachment #1: screenshot (image/png) ──────────────────────────────────────────────────────────
    test-results/backgroundSettings-Backgro-079c0-sistence-then-reset-to-none-mobile-safari/test-failed-1.png
    ────────────────────────────────────────────────────────────────────────────────────────────────

    Error Context: test-results/backgroundSettings-Backgro-079c0-sistence-then-reset-to-none-mobile-safari/error-context.md

  21) [mobile-safari] › tests/e2e/dockerConnection.spec.ts:58:3 › Docker connection form — endpoint formats › states the accepted formats and their default ports before any input 

    [31mTest timeout of 30000ms exceeded while running "beforeEach" hook.[39m

      50 |
      51 | test.describe('Docker connection form — endpoint formats', () => {
    > 52 |   test.beforeEach(async ({ page, request }) => {
         |        ^
      53 |     const ready = await completeFirstRunIfNeeded(page, request);
      54 |     test.skip(!ready, 'No HomeDash server reachable at baseURL');
      55 |     await loginAsAdmin(page);
        at $REPO/frontend/tests/e2e/dockerConnection.spec.ts:52:8

    Error: page.waitForURL: Test timeout of 30000ms exceeded.
    =========================== logs ===========================
    waiting for navigation to "/" until "load"
    ============================================================

      38 |   await page.getByLabel('Password', { exact: true }).fill('strongpassword1');
      39 |   await page.getByRole('button', { name: /sign in/i }).click();
    > 40 |   await page.waitForURL('/');
         |              ^
      41 | }
      42 |
      43 | async function openDockerForm(page: Page) {
        at loginAsAdmin ($REPO/frontend/tests/e2e/dockerConnection.spec.ts:40:14)
        at $REPO/frontend/tests/e2e/dockerConnection.spec.ts:55:5

    attachment #1: screenshot (image/png) ──────────────────────────────────────────────────────────
    test-results/dockerConnection-Docker-co-c20e3-ault-ports-before-any-input-mobile-safari/test-failed-1.png
    ────────────────────────────────────────────────────────────────────────────────────────────────

    Error Context: test-results/dockerConnection-Docker-co-c20e3-ault-ports-before-any-input-mobile-safari/error-context.md

  22) [mobile-safari] › tests/e2e/dockerConnection.spec.ts:70:3 › Docker connection form — endpoint formats › rejects an http:// endpoint and says what is accepted 

    [31mTest timeout of 30000ms exceeded while running "beforeEach" hook.[39m

      50 |
      51 | test.describe('Docker connection form — endpoint formats', () => {
    > 52 |   test.beforeEach(async ({ page, request }) => {
         |        ^
      53 |     const ready = await completeFirstRunIfNeeded(page, request);
      54 |     test.skip(!ready, 'No HomeDash server reachable at baseURL');
      55 |     await loginAsAdmin(page);
        at $REPO/frontend/tests/e2e/dockerConnection.spec.ts:52:8

    Error: page.waitForURL: Test timeout of 30000ms exceeded.
    =========================== logs ===========================
    waiting for navigation to "/" until "load"
    ============================================================

      38 |   await page.getByLabel('Password', { exact: true }).fill('strongpassword1');
      39 |   await page.getByRole('button', { name: /sign in/i }).click();
    > 40 |   await page.waitForURL('/');
         |              ^
      41 | }
      42 |
      43 | async function openDockerForm(page: Page) {
        at loginAsAdmin ($REPO/frontend/tests/e2e/dockerConnection.spec.ts:40:14)
        at $REPO/frontend/tests/e2e/dockerConnection.spec.ts:55:5

    attachment #1: screenshot (image/png) ──────────────────────────────────────────────────────────
    test-results/dockerConnection-Docker-co-9ef9b-t-and-says-what-is-accepted-mobile-safari/test-failed-1.png
    ────────────────────────────────────────────────────────────────────────────────────────────────

    Error Context: test-results/dockerConnection-Docker-co-9ef9b-t-and-says-what-is-accepted-mobile-safari/error-context.md

  23) [mobile-safari] › tests/e2e/dockerConnection.spec.ts:80:3 › Docker connection form — endpoint formats › rejects a bare host:port 

    [31mTest timeout of 30000ms exceeded while running "beforeEach" hook.[39m

      50 |
      51 | test.describe('Docker connection form — endpoint formats', () => {
    > 52 |   test.beforeEach(async ({ page, request }) => {
         |        ^
      53 |     const ready = await completeFirstRunIfNeeded(page, request);
      54 |     test.skip(!ready, 'No HomeDash server reachable at baseURL');
      55 |     await loginAsAdmin(page);
        at $REPO/frontend/tests/e2e/dockerConnection.spec.ts:52:8

    Error: page.waitForURL: Test timeout of 30000ms exceeded.
    =========================== logs ===========================
    waiting for navigation to "/" until "load"
    ============================================================

      38 |   await page.getByLabel('Password', { exact: true }).fill('strongpassword1');
      39 |   await page.getByRole('button', { name: /sign in/i }).click();
    > 40 |   await page.waitForURL('/');
         |              ^
      41 | }
      42 |
      43 | async function openDockerForm(page: Page) {
        at loginAsAdmin ($REPO/frontend/tests/e2e/dockerConnection.spec.ts:40:14)
        at $REPO/frontend/tests/e2e/dockerConnection.spec.ts:55:5

    attachment #1: screenshot (image/png) ──────────────────────────────────────────────────────────
    test-results/dockerConnection-Docker-co-1b304-ts-rejects-a-bare-host-port-mobile-safari/test-failed-1.png
    ────────────────────────────────────────────────────────────────────────────────────────────────

    Error Context: test-results/dockerConnection-Docker-co-1b304-ts-rejects-a-bare-host-port-mobile-safari/error-context.md

  24) [mobile-safari] › tests/e2e/dockerConnection.spec.ts:90:3 › Docker connection form — endpoint formats › accepts a tcp:// endpoint — reports connectivity, not a format error 

    [31mTest timeout of 30000ms exceeded while running "beforeEach" hook.[39m

      50 |
      51 | test.describe('Docker connection form — endpoint formats', () => {
    > 52 |   test.beforeEach(async ({ page, request }) => {
         |        ^
      53 |     const ready = await completeFirstRunIfNeeded(page, request);
      54 |     test.skip(!ready, 'No HomeDash server reachable at baseURL');
      55 |     await loginAsAdmin(page);
        at $REPO/frontend/tests/e2e/dockerConnection.spec.ts:52:8

    Error: page.waitForURL: Test timeout of 30000ms exceeded.
    =========================== logs ===========================
    waiting for navigation to "/" until "load"
    ============================================================

      38 |   await page.getByLabel('Password', { exact: true }).fill('strongpassword1');
      39 |   await page.getByRole('button', { name: /sign in/i }).click();
    > 40 |   await page.waitForURL('/');
         |              ^
      41 | }
      42 |
      43 | async function openDockerForm(page: Page) {
        at loginAsAdmin ($REPO/frontend/tests/e2e/dockerConnection.spec.ts:40:14)
        at $REPO/frontend/tests/e2e/dockerConnection.spec.ts:55:5

    attachment #1: screenshot (image/png) ──────────────────────────────────────────────────────────
    test-results/dockerConnection-Docker-co-bf1bf-ectivity-not-a-format-error-mobile-safari/test-failed-1.png
    ────────────────────────────────────────────────────────────────────────────────────────────────

    Error Context: test-results/dockerConnection-Docker-co-bf1bf-ectivity-not-a-format-error-mobile-safari/error-context.md

  25) [mobile-safari] › tests/e2e/emptyDashboard.spec.ts:25:3 › No-dashboard empty state › offers admins a direct action without exposing it publicly 

    Error: [2mexpect([22m[31mreceived[39m[2m).[22mtoBe[2m([22m[32mexpected[39m[2m) // Object.is equality[22m

    Expected: [32mtrue[39m
    Received: [31mfalse[39m

      19 |     data: { username: 'admin', password: 'strongpassword1' },
      20 |   });
    > 21 |   expect(login.ok()).toBe(true);
         |                      ^
      22 | }
      23 |
      24 | test.describe('No-dashboard empty state', () => {
        at ensureAdminSession ($REPO/frontend/tests/e2e/emptyDashboard.spec.ts:21:22)
        at $REPO/frontend/tests/e2e/emptyDashboard.spec.ts:26:5

    attachment #1: screenshot (image/png) ──────────────────────────────────────────────────────────
    test-results/emptyDashboard-No-dashboar-0f3ea-ithout-exposing-it-publicly-mobile-safari/test-failed-1.png
    ────────────────────────────────────────────────────────────────────────────────────────────────

    Error Context: test-results/emptyDashboard-No-dashboar-0f3ea-ithout-exposing-it-publicly-mobile-safari/error-context.md

  26) [mobile-safari] › tests/e2e/iconPicker.spec.ts:164:3 › Icon rendering on links_list widget (T020) › link with iconKey renders a non-Globe icon; link without iconKey renders Globe 

    [31mTest timeout of 30000ms exceeded.[39m

    Error: page.waitForURL: Test timeout of 30000ms exceeded.
    =========================== logs ===========================
    waiting for navigation to "/" until "load"
    ============================================================

      40 |   await page.getByLabel('Password', { exact: true }).fill('strongpassword1');
      41 |   await page.getByRole('button', { name: /sign in/i }).click();
    > 42 |   await page.waitForURL('/');
         |              ^
      43 |
      44 |   const meRes = await api.get('/api/auth/me');
      45 |   if (!meRes.ok()) {
        at ensureAdminAndLogin ($REPO/frontend/tests/e2e/iconPicker.spec.ts:42:14)
        at $REPO/frontend/tests/e2e/iconPicker.spec.ts:167:18

    attachment #1: screenshot (image/png) ──────────────────────────────────────────────────────────
    test-results/iconPicker-Icon-rendering--f2c42-thout-iconKey-renders-Globe-mobile-safari/test-failed-1.png
    ────────────────────────────────────────────────────────────────────────────────────────────────

    Error Context: test-results/iconPicker-Icon-rendering--f2c42-thout-iconKey-renders-Globe-mobile-safari/error-context.md

  27) [mobile-safari] › tests/e2e/importExport.spec.ts:143:3 › Dashboard Import/Export E2E (T022) › export downloads valid JSON; import re-creates it 

    [31mTest timeout of 30000ms exceeded.[39m

    Error: page.waitForURL: Test timeout of 30000ms exceeded.
    =========================== logs ===========================
    waiting for navigation to "/" until "load"
    ============================================================

      38 |   await page.getByLabel('Password', { exact: true }).fill('strongpassword1');
      39 |   await page.getByRole('button', { name: /sign in/i }).click();
    > 40 |   await page.waitForURL('/');
         |              ^
      41 |
      42 |   const meRes = await api.get('/api/auth/me');
      43 |   if (!meRes.ok()) {
        at ensureAdminAndLogin ($REPO/frontend/tests/e2e/importExport.spec.ts:40:14)
        at $REPO/frontend/tests/e2e/importExport.spec.ts:146:18

    attachment #1: screenshot (image/png) ──────────────────────────────────────────────────────────
    test-results/importExport-Dashboard-Imp-749de-d-JSON-import-re-creates-it-mobile-safari/test-failed-1.png
    ────────────────────────────────────────────────────────────────────────────────────────────────

    Error Context: test-results/importExport-Dashboard-Imp-749de-d-JSON-import-re-creates-it-mobile-safari/error-context.md

  28) [mobile-safari] › tests/e2e/importExport.spec.ts:242:3 › Dashboard Import/Export E2E (T022) › import with name conflict shows conflict resolution UI 

    [31mTest timeout of 30000ms exceeded.[39m

    Error: page.waitForURL: Test timeout of 30000ms exceeded.
    =========================== logs ===========================
    waiting for navigation to "/" until "load"
    ============================================================

      38 |   await page.getByLabel('Password', { exact: true }).fill('strongpassword1');
      39 |   await page.getByRole('button', { name: /sign in/i }).click();
    > 40 |   await page.waitForURL('/');
         |              ^
      41 |
      42 |   const meRes = await api.get('/api/auth/me');
      43 |   if (!meRes.ok()) {
        at ensureAdminAndLogin ($REPO/frontend/tests/e2e/importExport.spec.ts:40:14)
        at $REPO/frontend/tests/e2e/importExport.spec.ts:245:18

    attachment #1: screenshot (image/png) ──────────────────────────────────────────────────────────
    test-results/importExport-Dashboard-Imp-43822-hows-conflict-resolution-UI-mobile-safari/test-failed-1.png
    ────────────────────────────────────────────────────────────────────────────────────────────────

    Error Context: test-results/importExport-Dashboard-Imp-43822-hows-conflict-resolution-UI-mobile-safari/error-context.md

  29) [mobile-safari] › tests/e2e/publicWidgetVisibility.spec.ts:26:3 › Public widget visibility › renders through the public namespace and disappears after revocation 

    Error: [2mexpect([22m[31mreceived[39m[2m).[22mtoBe[2m([22m[32mexpected[39m[2m) // Object.is equality[22m

    Expected: [32mtrue[39m
    Received: [31mfalse[39m

      19 |     data: { username: 'admin', password: 'strongpassword1' },
      20 |   });
    > 21 |   expect(login.ok()).toBe(true);
         |                      ^
      22 |   return ((await login.json()) as { csrfToken: string }).csrfToken;
      23 | }
      24 |
        at ensureAdminAndLogin ($REPO/frontend/tests/e2e/publicWidgetVisibility.spec.ts:21:22)
        at $REPO/frontend/tests/e2e/publicWidgetVisibility.spec.ts:30:18

    attachment #1: screenshot (image/png) ──────────────────────────────────────────────────────────
    test-results/publicWidgetVisibility-Pub-96ef4-disappears-after-revocation-mobile-safari/test-failed-1.png
    ────────────────────────────────────────────────────────────────────────────────────────────────

    Error Context: test-results/publicWidgetVisibility-Pub-96ef4-disappears-after-revocation-mobile-safari/error-context.md

  30) [mobile-safari] › tests/e2e/scheduledJobsResponsive.spec.ts:26:3 › Scheduled Jobs responsive layout › keeps job status and actions visible on mobile 

    Error: [2mexpect([22m[31mreceived[39m[2m).[22mtoBe[2m([22m[32mexpected[39m[2m) // Object.is equality[22m

    Expected: [32mtrue[39m
    Received: [31mfalse[39m

      19 |     data: { username: 'admin', password: 'strongpassword1' },
      20 |   });
    > 21 |   expect(login.ok()).toBe(true);
         |                      ^
      22 |   return ((await login.json()) as { csrfToken: string }).csrfToken;
      23 | }
      24 |
        at ensureAdminSession ($REPO/frontend/tests/e2e/scheduledJobsResponsive.spec.ts:21:22)
        at $REPO/frontend/tests/e2e/scheduledJobsResponsive.spec.ts:28:18

    attachment #1: screenshot (image/png) ──────────────────────────────────────────────────────────
    test-results/scheduledJobsResponsive-Sc-97ce4-d-actions-visible-on-mobile-mobile-safari/test-failed-1.png
    ────────────────────────────────────────────────────────────────────────────────────────────────

    Error Context: test-results/scheduledJobsResponsive-Sc-97ce4-d-actions-visible-on-mobile-mobile-safari/error-context.md

  31) [mobile-safari] › tests/e2e/settingsNavigation.spec.ts:26:3 › Settings navigation › mobile selectors expose primary and nested settings destinations 

    [31mTest timeout of 30000ms exceeded.[39m

    Error: page.waitForURL: Test timeout of 30000ms exceeded.
    =========================== logs ===========================
    waiting for navigation to "/" until "load"
    ============================================================

      20 |   await page.getByLabel('Password', { exact: true }).fill('strongpassword1');
      21 |   await page.getByRole('button', { name: /sign in/i }).click();
    > 22 |   await page.waitForURL('/');
         |              ^
      23 | }
      24 |
      25 | test.describe('Settings navigation', () => {
        at ensureAdminAndLogin ($REPO/frontend/tests/e2e/settingsNavigation.spec.ts:22:14)
        at $REPO/frontend/tests/e2e/settingsNavigation.spec.ts:28:5

    attachment #1: screenshot (image/png) ──────────────────────────────────────────────────────────
    test-results/settingsNavigation-Setting-8d785-ested-settings-destinations-mobile-safari/test-failed-1.png
    ────────────────────────────────────────────────────────────────────────────────────────────────

    Error Context: test-results/settingsNavigation-Setting-8d785-ested-settings-destinations-mobile-safari/error-context.md

  32) [mobile-safari] › tests/e2e/settingsNavigation.spec.ts:52:3 › Settings navigation › desktop retains the labeled tab and sidebar navigation 

    [31mTest timeout of 30000ms exceeded.[39m

    Error: page.waitForURL: Test timeout of 30000ms exceeded.
    =========================== logs ===========================
    waiting for navigation to "/" until "load"
    ============================================================

      20 |   await page.getByLabel('Password', { exact: true }).fill('strongpassword1');
      21 |   await page.getByRole('button', { name: /sign in/i }).click();
    > 22 |   await page.waitForURL('/');
         |              ^
      23 | }
      24 |
      25 | test.describe('Settings navigation', () => {
        at ensureAdminAndLogin ($REPO/frontend/tests/e2e/settingsNavigation.spec.ts:22:14)
        at $REPO/frontend/tests/e2e/settingsNavigation.spec.ts:54:5

    attachment #1: screenshot (image/png) ──────────────────────────────────────────────────────────
    test-results/settingsNavigation-Setting-e3b23--tab-and-sidebar-navigation-mobile-safari/test-failed-1.png
    ────────────────────────────────────────────────────────────────────────────────────────────────

    Error Context: test-results/settingsNavigation-Setting-e3b23--tab-and-sidebar-navigation-mobile-safari/error-context.md

  33) [mobile-safari] › tests/e2e/shellSettings.spec.ts:61:3 › Shell settings — admin › updating titleText reflects in shell header 

    SyntaxError: Unexpected token '<', "<!doctype "... is not valid JSON

      25 |   const res = await request.get('/api/bootstrap');
      26 |   if (!res.ok()) return false;
    > 27 |   const body = await res.json() as { firstRunRequired?: boolean };
         |                ^
      28 |   if (!body.firstRunRequired) return true;
      29 |
      30 |   await page.goto('/');
        at completeFirstRunIfNeeded ($REPO/frontend/tests/e2e/shellSettings.spec.ts:27:16)
        at $REPO/frontend/tests/e2e/shellSettings.spec.ts:62:19

    attachment #1: screenshot (image/png) ──────────────────────────────────────────────────────────
    test-results/shellSettings-Shell-settin-3cee3-xt-reflects-in-shell-header-mobile-safari/test-failed-1.png
    ────────────────────────────────────────────────────────────────────────────────────────────────

    Error Context: test-results/shellSettings-Shell-settin-3cee3-xt-reflects-in-shell-header-mobile-safari/error-context.md

  34) [mobile-safari] › tests/e2e/shellSettings.spec.ts:88:3 › Shell settings — admin › updating footerText reflects in footer 

    SyntaxError: Unexpected token '<', "<!doctype "... is not valid JSON

      25 |   const res = await request.get('/api/bootstrap');
      26 |   if (!res.ok()) return false;
    > 27 |   const body = await res.json() as { firstRunRequired?: boolean };
         |                ^
      28 |   if (!body.firstRunRequired) return true;
      29 |
      30 |   await page.goto('/');
        at completeFirstRunIfNeeded ($REPO/frontend/tests/e2e/shellSettings.spec.ts:27:16)
        at $REPO/frontend/tests/e2e/shellSettings.spec.ts:89:19

    attachment #1: screenshot (image/png) ──────────────────────────────────────────────────────────
    test-results/shellSettings-Shell-settin-b4aec-oterText-reflects-in-footer-mobile-safari/test-failed-1.png
    ────────────────────────────────────────────────────────────────────────────────────────────────

    Error Context: test-results/shellSettings-Shell-settin-b4aec-oterText-reflects-in-footer-mobile-safari/error-context.md

  35) [mobile-safari] › tests/e2e/shellSettings.spec.ts:113:3 › Shell settings — admin › enabling clock strip shows it on the dashboard 

    SyntaxError: Unexpected token '<', "<!doctype "... is not valid JSON

      25 |   const res = await request.get('/api/bootstrap');
      26 |   if (!res.ok()) return false;
    > 27 |   const body = await res.json() as { firstRunRequired?: boolean };
         |                ^
      28 |   if (!body.firstRunRequired) return true;
      29 |
      30 |   await page.goto('/');
        at completeFirstRunIfNeeded ($REPO/frontend/tests/e2e/shellSettings.spec.ts:27:16)
        at $REPO/frontend/tests/e2e/shellSettings.spec.ts:114:19

    attachment #1: screenshot (image/png) ──────────────────────────────────────────────────────────
    test-results/shellSettings-Shell-settin-51677-p-shows-it-on-the-dashboard-mobile-safari/test-failed-1.png
    ────────────────────────────────────────────────────────────────────────────────────────────────

    Error Context: test-results/shellSettings-Shell-settin-51677-p-shows-it-on-the-dashboard-mobile-safari/error-context.md

  36) [mobile-safari] › tests/e2e/theme.spec.ts:58:3 › Theme toggle — unauthenticated user › toggling theme persists in localStorage after page reload 

    SyntaxError: Unexpected token '<', "<!doctype "... is not valid JSON

      24 |   const res = await request.get('/api/bootstrap');
      25 |   if (!res.ok()) return false;
    > 26 |   const body = await res.json() as { firstRunRequired?: boolean };
         |                ^
      27 |   if (!body.firstRunRequired) return true;
      28 |
      29 |   await page.goto('/');
        at completeFirstRunIfNeeded ($REPO/frontend/tests/e2e/theme.spec.ts:26:16)
        at $REPO/frontend/tests/e2e/theme.spec.ts:59:19

    attachment #1: screenshot (image/png) ──────────────────────────────────────────────────────────
    test-results/theme-Theme-toggle-—-unaut-1d187-alStorage-after-page-reload-mobile-safari/test-failed-1.png
    ────────────────────────────────────────────────────────────────────────────────────────────────

    Error Context: test-results/theme-Theme-toggle-—-unaut-1d187-alStorage-after-page-reload-mobile-safari/error-context.md

  37) [mobile-safari] › tests/e2e/theme.spec.ts:96:3 › Theme toggle — authenticated admin › toggling theme persists server-side after page reload 

    SyntaxError: Unexpected token '<', "<!doctype "... is not valid JSON

      24 |   const res = await request.get('/api/bootstrap');
      25 |   if (!res.ok()) return false;
    > 26 |   const body = await res.json() as { firstRunRequired?: boolean };
         |                ^
      27 |   if (!body.firstRunRequired) return true;
      28 |
      29 |   await page.goto('/');
        at completeFirstRunIfNeeded ($REPO/frontend/tests/e2e/theme.spec.ts:26:16)
        at $REPO/frontend/tests/e2e/theme.spec.ts:97:19

    attachment #1: screenshot (image/png) ──────────────────────────────────────────────────────────
    test-results/theme-Theme-toggle-—-authe-b1821-rver-side-after-page-reload-mobile-safari/test-failed-1.png
    ────────────────────────────────────────────────────────────────────────────────────────────────

    Error Context: test-results/theme-Theme-toggle-—-authe-b1821-rver-side-after-page-reload-mobile-safari/error-context.md

  38) [mobile-safari] › tests/e2e/widgetTypes.spec.ts:147:3 › Clock/Date widget — E2E (US4) › 12hr clock shows AM/PM and updates live 

    [31mTest timeout of 30000ms exceeded.[39m

    Error: page.waitForURL: Test timeout of 30000ms exceeded.
    =========================== logs ===========================
    waiting for navigation to "/" until "load"
    ============================================================

      49 |   await page.getByLabel('Password', { exact: true }).fill('strongpassword1');
      50 |   await page.getByRole('button', { name: /sign in/i }).click();
    > 51 |   await page.waitForURL('/');
         |              ^
      52 |
      53 |   // Fetch CSRF from /api/auth/me — page.request shares the page's cookies
      54 |   const meRes = await api.get('/api/auth/me');
        at ensureAdminAndLogin ($REPO/frontend/tests/e2e/widgetTypes.spec.ts:51:14)
        at $REPO/frontend/tests/e2e/widgetTypes.spec.ts:148:18

    attachment #1: screenshot (image/png) ──────────────────────────────────────────────────────────
    test-results/widgetTypes-Clock-Date-wid-617af-hows-AM-PM-and-updates-live-mobile-safari/test-failed-1.png
    ────────────────────────────────────────────────────────────────────────────────────────────────

    Error Context: test-results/widgetTypes-Clock-Date-wid-617af-hows-AM-PM-and-updates-live-mobile-safari/error-context.md

  39) [mobile-safari] › tests/e2e/widgetTypes.spec.ts:182:3 › Clock/Date widget — E2E (US4) › 24hr clock shows time in HH:MM range 

    [31mTest timeout of 30000ms exceeded.[39m

    Error: page.waitForURL: Test timeout of 30000ms exceeded.
    =========================== logs ===========================
    waiting for navigation to "/" until "load"
    ============================================================

      49 |   await page.getByLabel('Password', { exact: true }).fill('strongpassword1');
      50 |   await page.getByRole('button', { name: /sign in/i }).click();
    > 51 |   await page.waitForURL('/');
         |              ^
      52 |
      53 |   // Fetch CSRF from /api/auth/me — page.request shares the page's cookies
      54 |   const meRes = await api.get('/api/auth/me');
        at ensureAdminAndLogin ($REPO/frontend/tests/e2e/widgetTypes.spec.ts:51:14)
        at $REPO/frontend/tests/e2e/widgetTypes.spec.ts:183:18

    attachment #1: screenshot (image/png) ──────────────────────────────────────────────────────────
    test-results/widgetTypes-Clock-Date-wid-e45a3-k-shows-time-in-HH-MM-range-mobile-safari/test-failed-1.png
    ────────────────────────────────────────────────────────────────────────────────────────────────

    Error Context: test-results/widgetTypes-Clock-Date-wid-e45a3-k-shows-time-in-HH-MM-range-mobile-safari/error-context.md

  40) [mobile-safari] › tests/e2e/widgetTypes.spec.ts:213:3 › Clock/Date widget — E2E (US4) › unconfigured timezone defaults to browser-local 

    [31mTest timeout of 30000ms exceeded.[39m

    Error: page.waitForURL: Test timeout of 30000ms exceeded.
    =========================== logs ===========================
    waiting for navigation to "/" until "load"
    ============================================================

      49 |   await page.getByLabel('Password', { exact: true }).fill('strongpassword1');
      50 |   await page.getByRole('button', { name: /sign in/i }).click();
    > 51 |   await page.waitForURL('/');
         |              ^
      52 |
      53 |   // Fetch CSRF from /api/auth/me — page.request shares the page's cookies
      54 |   const meRes = await api.get('/api/auth/me');
        at ensureAdminAndLogin ($REPO/frontend/tests/e2e/widgetTypes.spec.ts:51:14)
        at $REPO/frontend/tests/e2e/widgetTypes.spec.ts:214:18

    attachment #1: screenshot (image/png) ──────────────────────────────────────────────────────────
    test-results/widgetTypes-Clock-Date-wid-95c2c-e-defaults-to-browser-local-mobile-safari/test-failed-1.png
    ────────────────────────────────────────────────────────────────────────────────────────────────

    Error Context: test-results/widgetTypes-Clock-Date-wid-95c2c-e-defaults-to-browser-local-mobile-safari/error-context.md

  41) [mobile-safari] › tests/e2e/widgetTypes.spec.ts:237:3 › Clock/Date widget — E2E (US4) › configured timezone displays timezone label 

    [31mTest timeout of 30000ms exceeded.[39m

    Error: page.waitForURL: Test timeout of 30000ms exceeded.
    =========================== logs ===========================
    waiting for navigation to "/" until "load"
    ============================================================

      49 |   await page.getByLabel('Password', { exact: true }).fill('strongpassword1');
      50 |   await page.getByRole('button', { name: /sign in/i }).click();
    > 51 |   await page.waitForURL('/');
         |              ^
      52 |
      53 |   // Fetch CSRF from /api/auth/me — page.request shares the page's cookies
      54 |   const meRes = await api.get('/api/auth/me');
        at ensureAdminAndLogin ($REPO/frontend/tests/e2e/widgetTypes.spec.ts:51:14)
        at $REPO/frontend/tests/e2e/widgetTypes.spec.ts:238:18

    attachment #1: screenshot (image/png) ──────────────────────────────────────────────────────────
    test-results/widgetTypes-Clock-Date-wid-38e7e-one-displays-timezone-label-mobile-safari/test-failed-1.png
    ────────────────────────────────────────────────────────────────────────────────────────────────

    Error Context: test-results/widgetTypes-Clock-Date-wid-38e7e-one-displays-timezone-label-mobile-safari/error-context.md

  42) [mobile-safari] › tests/e2e/widgetTypes.spec.ts:264:3 › Clock/Date widget — E2E (US4) › invalid timezone falls back gracefully (no crash) 

    [31mTest timeout of 30000ms exceeded.[39m

    Error: page.waitForURL: Test timeout of 30000ms exceeded.
    =========================== logs ===========================
    waiting for navigation to "/" until "load"
    ============================================================

      49 |   await page.getByLabel('Password', { exact: true }).fill('strongpassword1');
      50 |   await page.getByRole('button', { name: /sign in/i }).click();
    > 51 |   await page.waitForURL('/');
         |              ^
      52 |
      53 |   // Fetch CSRF from /api/auth/me — page.request shares the page's cookies
      54 |   const meRes = await api.get('/api/auth/me');
        at ensureAdminAndLogin ($REPO/frontend/tests/e2e/widgetTypes.spec.ts:51:14)
        at $REPO/frontend/tests/e2e/widgetTypes.spec.ts:267:18

    attachment #1: screenshot (image/png) ──────────────────────────────────────────────────────────
    test-results/widgetTypes-Clock-Date-wid-e6157-s-back-gracefully-no-crash--mobile-safari/test-failed-1.png
    ────────────────────────────────────────────────────────────────────────────────────────────────

    Error Context: test-results/widgetTypes-Clock-Date-wid-e6157-s-back-gracefully-no-crash--mobile-safari/error-context.md

  42 failed
    [chromium] › tests/e2e/auroraEffects.spec.ts:33:1 › Aurora surfaces use layered animated curtain gradients 
    [chromium] › tests/e2e/backgroundSettings.spec.ts:79:3 › Background settings in DashboardDialog (T021) › solid color background: set, save, verify persistence, then reset to none 
    [chromium] › tests/e2e/iconPicker.spec.ts:164:3 › Icon rendering on links_list widget (T020) › link with iconKey renders a non-Globe icon; link without iconKey renders Globe 
    [chromium] › tests/e2e/importExport.spec.ts:143:3 › Dashboard Import/Export E2E (T022) › export downloads valid JSON; import re-creates it 
    [chromium] › tests/e2e/importExport.spec.ts:242:3 › Dashboard Import/Export E2E (T022) › import with name conflict shows conflict resolution UI 
    [chromium] › tests/e2e/publicWidgetVisibility.spec.ts:26:3 › Public widget visibility › renders through the public namespace and disappears after revocation 
    [chromium] › tests/e2e/scheduledJobsResponsive.spec.ts:26:3 › Scheduled Jobs responsive layout › keeps job status and actions visible on mobile 
    [chromium] › tests/e2e/settingsNavigation.spec.ts:26:3 › Settings navigation › mobile selectors expose primary and nested settings destinations 
    [chromium] › tests/e2e/settingsNavigation.spec.ts:52:3 › Settings navigation › desktop retains the labeled tab and sidebar navigation 
    [chromium] › tests/e2e/shellSettings.spec.ts:61:3 › Shell settings — admin › updating titleText reflects in shell header 
    [chromium] › tests/e2e/shellSettings.spec.ts:88:3 › Shell settings — admin › updating footerText reflects in footer 
    [chromium] › tests/e2e/shellSettings.spec.ts:113:3 › Shell settings — admin › enabling clock strip shows it on the dashboard 
    [chromium] › tests/e2e/theme.spec.ts:58:3 › Theme toggle — unauthenticated user › toggling theme persists in localStorage after page reload 
    [chromium] › tests/e2e/theme.spec.ts:96:3 › Theme toggle — authenticated admin › toggling theme persists server-side after page reload 
    [chromium] › tests/e2e/widgetTypes.spec.ts:147:3 › Clock/Date widget — E2E (US4) › 12hr clock shows AM/PM and updates live 
    [chromium] › tests/e2e/widgetTypes.spec.ts:182:3 › Clock/Date widget — E2E (US4) › 24hr clock shows time in HH:MM range 
    [chromium] › tests/e2e/widgetTypes.spec.ts:213:3 › Clock/Date widget — E2E (US4) › unconfigured timezone defaults to browser-local 
    [chromium] › tests/e2e/widgetTypes.spec.ts:237:3 › Clock/Date widget — E2E (US4) › configured timezone displays timezone label 
    [chromium] › tests/e2e/widgetTypes.spec.ts:264:3 › Clock/Date widget — E2E (US4) › invalid timezone falls back gracefully (no crash) 
    [mobile-safari] › tests/e2e/backgroundSettings.spec.ts:79:3 › Background settings in DashboardDialog (T021) › solid color background: set, save, verify persistence, then reset to none 
    [mobile-safari] › tests/e2e/dockerConnection.spec.ts:58:3 › Docker connection form — endpoint formats › states the accepted formats and their default ports before any input 
    [mobile-safari] › tests/e2e/dockerConnection.spec.ts:70:3 › Docker connection form — endpoint formats › rejects an http:// endpoint and says what is accepted 
    [mobile-safari] › tests/e2e/dockerConnection.spec.ts:80:3 › Docker connection form — endpoint formats › rejects a bare host:port 
    [mobile-safari] › tests/e2e/dockerConnection.spec.ts:90:3 › Docker connection form — endpoint formats › accepts a tcp:// endpoint — reports connectivity, not a format error 
    [mobile-safari] › tests/e2e/emptyDashboard.spec.ts:25:3 › No-dashboard empty state › offers admins a direct action without exposing it publicly 
    [mobile-safari] › tests/e2e/iconPicker.spec.ts:164:3 › Icon rendering on links_list widget (T020) › link with iconKey renders a non-Globe icon; link without iconKey renders Globe 
    [mobile-safari] › tests/e2e/importExport.spec.ts:143:3 › Dashboard Import/Export E2E (T022) › export downloads valid JSON; import re-creates it 
    [mobile-safari] › tests/e2e/importExport.spec.ts:242:3 › Dashboard Import/Export E2E (T022) › import with name conflict shows conflict resolution UI 
    [mobile-safari] › tests/e2e/publicWidgetVisibility.spec.ts:26:3 › Public widget visibility › renders through the public namespace and disappears after revocation 
    [mobile-safari] › tests/e2e/scheduledJobsResponsive.spec.ts:26:3 › Scheduled Jobs responsive layout › keeps job status and actions visible on mobile 
    [mobile-safari] › tests/e2e/settingsNavigation.spec.ts:26:3 › Settings navigation › mobile selectors expose primary and nested settings destinations 
    [mobile-safari] › tests/e2e/settingsNavigation.spec.ts:52:3 › Settings navigation › desktop retains the labeled tab and sidebar navigation 
    [mobile-safari] › tests/e2e/shellSettings.spec.ts:61:3 › Shell settings — admin › updating titleText reflects in shell header 
    [mobile-safari] › tests/e2e/shellSettings.spec.ts:88:3 › Shell settings — admin › updating footerText reflects in footer 
    [mobile-safari] › tests/e2e/shellSettings.spec.ts:113:3 › Shell settings — admin › enabling clock strip shows it on the dashboard 
    [mobile-safari] › tests/e2e/theme.spec.ts:58:3 › Theme toggle — unauthenticated user › toggling theme persists in localStorage after page reload 
    [mobile-safari] › tests/e2e/theme.spec.ts:96:3 › Theme toggle — authenticated admin › toggling theme persists server-side after page reload 
    [mobile-safari] › tests/e2e/widgetTypes.spec.ts:147:3 › Clock/Date widget — E2E (US4) › 12hr clock shows AM/PM and updates live 
    [mobile-safari] › tests/e2e/widgetTypes.spec.ts:182:3 › Clock/Date widget — E2E (US4) › 24hr clock shows time in HH:MM range 
    [mobile-safari] › tests/e2e/widgetTypes.spec.ts:213:3 › Clock/Date widget — E2E (US4) › unconfigured timezone defaults to browser-local 
    [mobile-safari] › tests/e2e/widgetTypes.spec.ts:237:3 › Clock/Date widget — E2E (US4) › configured timezone displays timezone label 
    [mobile-safari] › tests/e2e/widgetTypes.spec.ts:264:3 › Clock/Date widget — E2E (US4) › invalid timezone falls back gracefully (no crash) 
  4 skipped
  12 passed (13.6m)
$REPO/frontend:
[ERR_PNPM_RECURSIVE_RUN_FIRST_FAIL] frontend@0.1.0 test:e2e: `playwright test`
Exit status 1
