
> better-sqlite3@11.10.0 build-release
> node-gyp rebuild --release

gyp info it worked if it ends with ok
gyp info using node-gyp@12.3.0
gyp info using node@24.18.0 | darwin | arm64
gyp info find Python using Python version 3.14.7 found at "/opt/homebrew/opt/python@3.14/bin/python3.14"

gyp info spawn /opt/homebrew/opt/python@3.14/bin/python3.14
gyp info spawn args [
gyp info spawn args '$HOME/.nvm/versions/node/v24.18.0/lib/node_modules/npm/node_modules/node-gyp/gyp/gyp_main.py',
gyp info spawn args 'binding.gyp',
gyp info spawn args '-f',
gyp info spawn args 'make',
gyp info spawn args '-I',
gyp info spawn args '$REPO/node_modules/.pnpm/better-sqlite3@11.10.0/node_modules/better-sqlite3/build/config.gypi',
gyp info spawn args '-I',
gyp info spawn args '$HOME/.nvm/versions/node/v24.18.0/lib/node_modules/npm/node_modules/node-gyp/addon.gypi',
gyp info spawn args '-I',
gyp info spawn args '$HOME/Library/Caches/node-gyp/24.18.0/include/node/common.gypi',
gyp info spawn args '-Dlibrary=shared_library',
gyp info spawn args '-Dvisibility=default',
gyp info spawn args '-Dnode_root_dir=$HOME/Library/Caches/node-gyp/24.18.0',
gyp info spawn args '-Dnode_gyp_dir=$HOME/.nvm/versions/node/v24.18.0/lib/node_modules/npm/node_modules/node-gyp',
gyp info spawn args '-Dnode_lib_file=$HOME/Library/Caches/node-gyp/24.18.0/<(target_arch)/node.lib',
gyp info spawn args '-Dmodule_root_dir=$REPO/node_modules/.pnpm/better-sqlite3@11.10.0/node_modules/better-sqlite3',
gyp info spawn args '-Dnode_engine=v8',
gyp info spawn args '--depth=.',
gyp info spawn args '--no-parallel',
gyp info spawn args '--generator-output',
gyp info spawn args 'build',
gyp info spawn args '-Goutput_dir=.'
gyp info spawn args ]
gyp info spawn make
gyp info spawn args [ 'BUILDTYPE=Release', '-C', 'build' ]
  TOUCH 4292fa9a667d77b27488aa109b010a85bce8e4e7a1c7aa0370cea902395c3866.intermediate
  ACTION deps_sqlite3_gyp_locate_sqlite3_target_copy_builtin_sqlite3 4292fa9a667d77b27488aa109b010a85bce8e4e7a1c7aa0370cea902395c3866.intermediate
  TOUCH Release/obj.target/deps/locate_sqlite3.stamp
  CC(target) Release/obj.target/sqlite3/gen/sqlite3/sqlite3.o
  LIBTOOL-STATIC Release/sqlite3.a
  CXX(target) Release/obj.target/better_sqlite3/src/better_sqlite3.o
In file included from ../src/better_sqlite3.cpp:4:
In file included from ./src/better_sqlite3.lzz:2:
In file included from /Applications/Xcode.app/Contents/Developer/Platforms/MacOSX.platform/Developer/SDKs/MacOSX.sdk/usr/include/c++/v1/climits:43:
In file included from /Applications/Xcode.app/Contents/Developer/Platforms/MacOSX.platform/Developer/SDKs/MacOSX.sdk/usr/include/c++/v1/__config:15:
/Applications/Xcode.app/Contents/Developer/Platforms/MacOSX.platform/Developer/SDKs/MacOSX.sdk/usr/include/c++/v1/__configuration/availability.h:204:4: warning: "The selected platform is no longer supported by libc++." [-W#warnings]
  204 | #  warning "The selected platform is no longer supported by libc++."
      |    ^
./src/better_sqlite3.lzz:67:1: warning: cast from 'void (*)(v8::Local<v8::Object>, v8::Local<v8::Value>, v8::Local<v8::Context>)' to 'node::addon_context_register_func' (aka 'void (*)(v8::Local<v8::Object>, v8::Local<v8::Value>, v8::Local<v8::Context>, void *)') converts to incompatible function type [-Wcast-function-type-mismatch]
   67 | NODE_MODULE_INIT(/* exports, context */) {
      | ^~~~~~~~~~~~~~~~~~~~~~~~~~~~~~~~~~~~~~~~
$HOME/Library/Caches/node-gyp/24.18.0/include/node/node.h:1441:3: note: expanded from macro 'NODE_MODULE_INIT'
 1441 |   NODE_MODULE_CONTEXT_AWARE(NODE_GYP_MODULE_NAME,                     \
      |   ^~~~~~~~~~~~~~~~~~~~~~~~~~~~~~~~~~~~~~~~~~~~~~~~~~~~~~~~~~~~~~~~~~~~~
 1442 |                             NODE_MODULE_INITIALIZER)                  \
      |                             ~~~~~~~~~~~~~~~~~~~~~~~~
$HOME/Library/Caches/node-gyp/24.18.0/include/node/node.h:1410:3: note: expanded from macro 'NODE_MODULE_CONTEXT_AWARE'
 1410 |   NODE_MODULE_CONTEXT_AWARE_X(modname, regfunc, NULL, 0)
      |   ^~~~~~~~~~~~~~~~~~~~~~~~~~~~~~~~~~~~~~~~~~~~~~~~~~~~~~
$HOME/Library/Caches/node-gyp/24.18.0/include/node/node.h:1392:7: note: expanded from macro 'NODE_MODULE_CONTEXT_AWARE_X'
 1392 |       (node::addon_context_register_func) (regfunc),                  \
      |       ^~~~~~~~~~~~~~~~~~~~~~~~~~~~~~~~~~~~~~~~~~~~~
./src/objects/database.lzz:180:21: warning: variable 'status' set but not used [-Wunused-but-set-variable]
  180 |                 int status = sqlite3_db_config(db_handle, SQLITE_DBCONFIG_ENABLE_LOAD_EXTENSION, 1, NULL);
      |                     ^
./src/util/custom-table.lzz:45:9: warning: missing field 'xIntegrity' initializer [-Wmissing-field-initializers]
   45 |         };
      |         ^
./src/util/custom-table.lzz:72:9: warning: missing field 'xIntegrity' initializer [-Wmissing-field-initializers]
   72 |         };
      |         ^
5 warnings generated.
  SOLINK_MODULE(target) Release/better_sqlite3.node
  CC(target) Release/obj.target/test_extension/deps/test_extension.o
  SOLINK_MODULE(target) Release/test_extension.node
rm 4292fa9a667d77b27488aa109b010a85bce8e4e7a1c7aa0370cea902395c3866.intermediate
gyp info ok
