Code review: PASS

Scope:
- Login password visibility control and regression tests
- Aurora header, placeholder, and screensaver CSS
- Chromium and mobile Safari browser fixtures

Findings:
- No significant correctness, security, state-integrity, performance, maintainability,
  testing, or contract issue.

Strengths:
- The native password input, current-password autocomplete, and form submission behavior
  are preserved.
- The toggle is a non-submitting, labelled, keyboard-accessible button with a contained
  touch target.
- Decorative Aurora layers are pointer-inert, isolated, and placed behind foreground
  content.
- Continuous movement uses transform and opacity and is disabled for reduced motion.
- Existing persisted style identifiers and API contracts are unchanged.

Residual risk:
- CSS rendering can vary slightly by browser/GPU. Chromium and mobile Safari coverage,
  plus dark/light screenshot inspection, provide representative validation.
