# Command: pnpm build
# Phase:   01 — Implementation
# Run:     1
# Time:    2026-09-19 07:25 AEST
# Exit:    0
---
$ pnpm -r run build
Scope: 2 of 3 workspace projects
backend build$ tsup src/server.ts --format cjs --dts --clean && tsup scripts/reset-admin.ts --format cjs --outDir dist/scripts --no-dts
frontend build$ tsc --noEmit && vite build
backend build: CLI Building entry: src/server.ts
backend build: CLI Using tsconfig: tsconfig.json
backend build: CLI tsup v8.5.1
backend build: CLI Target: es2022
backend build: CLI Cleaning output folder
backend build: CJS Build start
backend build: DTS Build start
backend build: CJS dist/server.js 533.66 KB
backend build: CJS ⚡️ Build success in 629ms
backend build: DTS ⚡️ Build success in 3315ms
backend build: DTS dist/server.d.ts 499.00 B
backend build: CLI Building entry: scripts/reset-admin.ts
backend build: CLI Using tsconfig: tsconfig.json
backend build: CLI tsup v8.5.1
backend build: CLI Target: es2022
backend build: CJS Build start
backend build: CJS dist/scripts/reset-admin.js 5.05 KB
backend build: CJS ⚡️ Build success in 32ms
backend build: Done
frontend build: vite v5.4.21 building for production...
frontend build: transforming...
frontend build: ✓ 2408 modules transformed.
frontend build: rendering chunks...
frontend build: computing gzip size...
frontend build: dist/index.html                                                       0.99 kB │ gzip:   0.54 kB
frontend build: dist/assets/fira-code-symbols2-wght-normal-CE6EOz_n.woff2             4.12 kB
frontend build: dist/assets/poppins-latin-ext-700-normal-cby-RkWa.woff2               5.43 kB
frontend build: dist/assets/poppins-latin-ext-500-normal-CK-6C4Hw.woff2               5.48 kB
frontend build: dist/assets/poppins-latin-ext-400-normal-by3JarPu.woff2               5.64 kB
frontend build: dist/assets/space-grotesk-vietnamese-wght-normal-D0rl6rjA.woff2       6.71 kB
frontend build: dist/assets/fira-sans-vietnamese-400-normal-DUVG35gE.woff             6.81 kB
frontend build: dist/assets/fira-sans-vietnamese-700-normal-DFi88MGY.woff             6.84 kB
frontend build: dist/assets/fira-sans-vietnamese-500-normal-UV7M6ot_.woff             6.86 kB
frontend build: dist/assets/fira-sans-greek-ext-400-normal-ClCfNE6D.woff              6.97 kB
frontend build: dist/assets/fira-sans-greek-ext-700-normal-C8J5qYMq.woff              7.08 kB
frontend build: dist/assets/fira-sans-greek-ext-500-normal-Bem4H9fH.woff              7.12 kB
frontend build: dist/assets/poppins-latin-ext-700-normal-DctTR6Tg.woff                7.33 kB
frontend build: dist/assets/poppins-latin-ext-500-normal-CgAe2rWW.woff                7.37 kB
frontend build: dist/assets/poppins-latin-ext-400-normal-DaBSavcJ.woff                7.46 kB
frontend build: dist/assets/jetbrains-mono-vietnamese-wght-normal-Bt-aOZkq.woff2      7.50 kB
frontend build: dist/assets/poppins-latin-500-normal-C8OXljZJ.woff2                   7.75 kB
frontend build: dist/assets/poppins-latin-700-normal-Qrb0O0WB.woff2                   7.82 kB
frontend build: dist/assets/poppins-latin-400-normal-cpxAROuN.woff2                   7.88 kB
frontend build: dist/assets/fira-sans-greek-ext-400-normal-ByG7UNQ2.woff2             7.96 kB
frontend build: dist/assets/fira-sans-greek-ext-500-normal-nq-cjB3m.woff2             8.13 kB
frontend build: dist/assets/fira-sans-greek-ext-700-normal-C1m6bE4Q.woff2             8.34 kB
frontend build: dist/assets/fira-sans-vietnamese-500-normal-ChEXCnJy.woff2            8.45 kB
frontend build: dist/assets/fira-sans-vietnamese-400-normal-ljDTQFsx.woff2            8.50 kB
frontend build: dist/assets/fira-code-greek-ext-wght-normal-wWus70Ix.woff2            8.61 kB
frontend build: dist/assets/fira-sans-vietnamese-700-normal-j5oLGLJY.woff2            8.85 kB
frontend build: dist/assets/fira-sans-cyrillic-400-normal-D9eUeF-O.woff               8.88 kB
frontend build: dist/assets/fira-sans-cyrillic-700-normal-KyW5QH4H.woff               8.89 kB
frontend build: dist/assets/fira-sans-cyrillic-500-normal-Daski1k2.woff               8.94 kB
frontend build: dist/assets/jetbrains-mono-greek-wght-normal-Bw9x6K1M.woff2           9.00 kB
frontend build: dist/assets/roboto-flex-vietnamese-wght-normal-AVFfiTln.woff2         9.77 kB
frontend build: dist/assets/inter-vietnamese-wght-normal-CBcvBZtf.woff2              10.25 kB
frontend build: dist/assets/poppins-latin-500-normal-DGXqpDMm.woff                   10.37 kB
frontend build: dist/assets/roboto-flex-cyrillic-ext-wght-normal-CVcCQn0y.woff2      10.39 kB
frontend build: dist/assets/poppins-latin-700-normal-BVuQR_eA.woff                   10.43 kB
frontend build: dist/assets/poppins-latin-400-normal-BOb3E3N0.woff                   10.53 kB
frontend build: dist/assets/fira-sans-cyrillic-400-normal-CKu2TFQr.woff2             10.79 kB
frontend build: dist/assets/fira-sans-cyrillic-500-normal-CXfldnQ8.woff2             10.82 kB
frontend build: dist/assets/fira-sans-greek-400-normal-DQ8sF22y.woff                 10.90 kB
frontend build: dist/assets/fira-sans-greek-700-normal-CJu31rC4.woff                 10.96 kB
frontend build: dist/assets/fira-sans-greek-500-normal-C9KT8sAy.woff                 11.03 kB
frontend build: dist/assets/inter-greek-ext-wght-normal-DlzME5K_.woff2               11.23 kB
frontend build: dist/assets/roboto-flex-greek-wght-normal-DeN4rzfy.woff2             11.44 kB
frontend build: dist/assets/fira-sans-cyrillic-700-normal-Bl-HczEO.woff2             11.55 kB
frontend build: dist/assets/fira-code-cyrillic-wght-normal-Y3u8pIsh.woff2            11.98 kB
frontend build: dist/assets/jetbrains-mono-cyrillic-wght-normal-D73BlboJ.woff2       12.11 kB
frontend build: dist/assets/fira-sans-greek-400-normal-BFCFncbp.woff2                12.78 kB
frontend build: dist/assets/fira-sans-greek-500-normal-Cy-TUuxE.woff2                12.98 kB
frontend build: dist/assets/fira-code-latin-ext-wght-normal-Dvfvaomy.woff2           13.27 kB
frontend build: dist/assets/fira-code-greek-wght-normal-B2SviObF.woff2               13.78 kB
frontend build: dist/assets/fira-sans-greek-700-normal-BVfcrbV7.woff2                13.82 kB
frontend build: dist/assets/outfit-latin-ext-wght-normal-DdQaqQDo.woff2              14.81 kB
frontend build: dist/assets/jetbrains-mono-latin-ext-wght-normal-DBQx-q_a.woff2      15.20 kB
frontend build: dist/assets/fira-sans-cyrillic-ext-400-normal-Dd5dApAy.woff          15.20 kB
frontend build: dist/assets/fira-sans-cyrillic-ext-700-normal-Gcpdxicj.woff          15.44 kB
frontend build: dist/assets/fira-sans-cyrillic-ext-500-normal-Cixivk4R.woff          15.45 kB
frontend build: dist/assets/roboto-flex-cyrillic-wght-normal-BJ-nQEdz.woff2          15.65 kB
frontend build: dist/assets/fira-sans-cyrillic-ext-400-normal-Cycyekte.woff2         17.69 kB
frontend build: dist/assets/fira-sans-cyrillic-ext-500-normal-Dkk5LlrU.woff2         17.88 kB
frontend build: dist/assets/dm-sans-latin-ext-wght-normal-BOFOeGcA.woff2             18.23 kB
frontend build: dist/assets/inter-cyrillic-wght-normal-DqGufNeO.woff2                18.75 kB
frontend build: dist/assets/space-grotesk-latin-ext-wght-normal-D9tNdqV9.woff2       18.94 kB
frontend build: dist/assets/inter-greek-wght-normal-CkhJZR-_.woff2                   19.00 kB
frontend build: dist/assets/fira-sans-cyrillic-ext-700-normal-BfO9TR-w.woff2         19.47 kB
frontend build: dist/assets/fira-sans-latin-400-normal-66xCkunx.woff                 21.88 kB
frontend build: dist/assets/fira-sans-latin-700-normal-DgqLm3Fi.woff                 22.12 kB
frontend build: dist/assets/fira-sans-latin-500-normal-Bkfzcwmr.woff                 22.12 kB
frontend build: dist/assets/fira-code-cyrillic-ext-wght-normal-DhYMMuQd.woff2        22.13 kB
frontend build: dist/assets/space-grotesk-latin-wght-normal-BhU9QXUp.woff2           22.29 kB
frontend build: dist/assets/roboto-flex-latin-ext-wght-normal-gysdOMcS.woff2         23.48 kB
frontend build: dist/assets/fira-sans-latin-400-normal-a0AnQzuD.woff2                23.87 kB
frontend build: dist/assets/fira-sans-latin-500-normal-Bvbxc8ch.woff2                24.06 kB
frontend build: dist/assets/fira-sans-latin-700-normal-CRhwpWTq.woff2                25.01 kB
frontend build: dist/assets/inter-cyrillic-ext-wght-normal-BOeWTOD4.woff2            25.96 kB
frontend build: dist/assets/outfit-latin-wght-normal-Bc-8i84L.woff2                  32.29 kB
frontend build: dist/assets/roboto-flex-latin-wght-normal-n-dP9qr2.woff2             34.32 kB
frontend build: dist/assets/fira-code-latin-wght-normal-CHoedHDv.woff2               36.28 kB
frontend build: dist/assets/dm-sans-latin-wght-normal-Xz1IZZA0.woff2                 36.93 kB
frontend build: dist/assets/poppins-devanagari-500-normal-BIdkeU1p.woff2             39.08 kB
frontend build: dist/assets/poppins-devanagari-700-normal-O-jipLrW.woff2             39.25 kB
frontend build: dist/assets/poppins-devanagari-400-normal-CJDn6rn8.woff2             39.66 kB
frontend build: dist/assets/jetbrains-mono-latin-wght-normal-B9CIFXIH.woff2          40.40 kB
frontend build: dist/assets/fira-sans-latin-ext-400-normal-BCUwhuGB.woff             41.39 kB
frontend build: dist/assets/fira-sans-latin-ext-700-normal-cfTxGFzJ.woff             42.03 kB
frontend build: dist/assets/fira-sans-latin-ext-500-normal-CFRf4jcC.woff             42.06 kB
frontend build: dist/assets/fira-sans-latin-ext-400-normal-BLG_mAEf.woff2            46.40 kB
frontend build: dist/assets/fira-sans-latin-ext-500-normal-OO1QnNpY.woff2            47.00 kB
frontend build: dist/assets/inter-latin-wght-normal-Dx4kXJAl.woff2                   48.26 kB
frontend build: dist/assets/fira-sans-latin-ext-700-normal-g2Yrd4J5.woff2            50.37 kB
frontend build: dist/assets/poppins-devanagari-700-normal-fHs-vx92.woff              52.25 kB
frontend build: dist/assets/poppins-devanagari-500-normal-DMPDjHtT.woff              52.42 kB
frontend build: dist/assets/poppins-devanagari-400-normal-CqVvlrh5.woff              52.98 kB
frontend build: dist/assets/inter-latin-ext-wght-normal-DO1Apj_S.woff2               85.07 kB
frontend build: dist/assets/index-NTKDRLbd.css                                        0.72 kB │ gzip:   0.35 kB
frontend build: dist/assets/index-Dqr6y4op.css                                        0.73 kB │ gzip:   0.36 kB
frontend build: dist/assets/index-DYVl74dH.css                                        1.10 kB │ gzip:   0.43 kB
frontend build: dist/assets/400-DSpZquNv.css                                          1.16 kB │ gzip:   0.45 kB
frontend build: dist/assets/500-BXkefx-V.css                                          1.16 kB │ gzip:   0.45 kB
frontend build: dist/assets/700-CwZnzum0.css                                          1.16 kB │ gzip:   0.45 kB
frontend build: dist/assets/index-CwmJlCc0.css                                        1.90 kB │ gzip:   0.59 kB
frontend build: dist/assets/index-CHCa7mkw.css                                        2.00 kB │ gzip:   0.57 kB
frontend build: dist/assets/index-CJjU_8H4.css                                        2.03 kB │ gzip:   0.60 kB
frontend build: dist/assets/400-AaHvJgaU.css                                          2.42 kB │ gzip:   0.67 kB
frontend build: dist/assets/500-D-7kwSSS.css                                          2.42 kB │ gzip:   0.68 kB
frontend build: dist/assets/700-CbtLBIA2.css                                          2.42 kB │ gzip:   0.68 kB
frontend build: dist/assets/DashboardPage-C9-ySRfk.css                                3.66 kB │ gzip:   0.96 kB
frontend build: dist/assets/index-BFlYNOnv.css                                        4.60 kB │ gzip:   2.69 kB
frontend build: dist/assets/dashboards-CS_IrLkx.css                                  11.28 kB │ gzip:   2.25 kB
frontend build: dist/assets/index-tRd2rE_e.css                                       97.20 kB │ gzip:  16.14 kB
frontend build: dist/assets/log-in-qXQE4sAW.js                                        0.45 kB │ gzip:   0.32 kB │ map:     1.10 kB
frontend build: dist/assets/user-plus-DrtimZic.js                                     0.53 kB │ gzip:   0.37 kB │ map:     1.37 kB
frontend build: dist/assets/FirstRunPage-DjJ7McsO.js                                  2.30 kB │ gzip:   1.03 kB │ map:     6.93 kB
frontend build: dist/assets/LoginPage-DQe04mlg.js                                     2.31 kB │ gzip:   1.10 kB │ map:     6.98 kB
frontend build: dist/assets/card-BRTRnTqC.js                                         37.78 kB │ gzip:  12.31 kB │ map:   194.23 kB
frontend build: dist/assets/index-fRk3QpP5.js                                        42.32 kB │ gzip:  12.95 kB │ map:   113.92 kB
frontend build: dist/assets/query-D5y7xmsT.js                                        54.28 kB │ gzip:  16.53 kB │ map:   194.24 kB
frontend build: dist/assets/grid-DVsCsEnI.js                                         84.81 kB │ gzip:  23.12 kB │ map:   381.20 kB
frontend build: dist/assets/DashboardPage-DFlCVtk9.js                               141.95 kB │ gzip:  44.11 kB │ map:   605.39 kB
frontend build: dist/assets/SettingsPage-C_Lt-5uE.js                                166.97 kB │ gzip:  37.74 kB │ map:   532.52 kB
frontend build: dist/assets/vendor-CV5CkgQ-.js                                      198.60 kB │ gzip:  65.00 kB │ map:   758.28 kB
frontend build: dist/assets/dashboards-ByOg54We.js                                1,383.73 kB │ gzip: 310.16 kB │ map: 4,606.56 kB
frontend build: ✓ built in 3.55s
frontend build: (!) Some chunks are larger than 500 kB after minification. Consider:
frontend build: - Using dynamic import() to code-split the application
frontend build: - Use build.rollupOptions.output.manualChunks to improve chunking: https://rollupjs.org/configuration-options/#output-manualchunks
frontend build: - Adjust chunk size limit for this warning via build.chunkSizeWarningLimit.
frontend build: Done
