# Command: pnpm --filter frontend test:unit
# Phase:   05 - Public Issue Follow-up
# Run:     2
# Time:    2026-09-23 12:20 AEST
# Exit:    0
---
Node: v24.18.0
$ vitest run src

 RUN  v1.6.1 /Users/streetratz/Personal/MyGH-Personal/HomeDash/frontend

 ✓ src/hooks/__tests__/useTextOverflow.test.ts  (7 tests) 26ms
 ✓ src/hooks/__tests__/useDocker.test.ts  (17 tests) 113ms
 ✓ src/components/__tests__/ScreensaverOverlay.test.tsx  (2 tests) 79ms
 ✓ src/components/widgets/__tests__/DockerWidget.test.tsx  (2 tests) 49ms
 ✓ src/hooks/__tests__/useIdleDetection.test.ts  (6 tests) 83ms
 ✓ src/components/sonos/__tests__/BrowsePanel.test.tsx  (12 tests) 576ms
 ✓ src/components/widgets/__tests__/publicWidgetMode.test.tsx  (2 tests) 58ms
 ✓ src/components/sonos/__tests__/FullScreenSonos.test.tsx  (3 tests) 478ms
 ✓ src/components/settings/__tests__/ManagementActionAccessibility.test.tsx  (2 tests) 378ms
 ✓ src/components/settings/__tests__/CalendarSourceEditing.test.tsx  (3 tests) 384ms
 ✓ src/components/widgets/__tests__/DockerConnectionPicker.test.tsx  (2 tests) 239ms
 ✓ src/state/__tests__/appShortcutHooks.test.ts  (1 test) 12ms
 ✓ src/components/widgets/__tests__/ClockWidget.test.tsx  (1 test) 15ms
 ✓ src/components/__tests__/PlaceholderConfigDialog.test.tsx  (3 tests) 510ms
 ✓ src/components/widgets/__tests__/StocksConfigForm.ui.test.tsx  (1 test) 369ms
stderr | src/components/__tests__/EmptyDashboard.test.tsx > EmptyDashboard > gives administrators a direct path to dashboard settings
⚠️ React Router Future Flag Warning: React Router will begin wrapping state updates in `React.startTransition` in v7. You can use the `v7_startTransition` future flag to opt-in early. For more information, see https://reactrouter.com/v6/upgrading/future#v7_starttransition.
⚠️ React Router Future Flag Warning: Relative route resolution within Splat routes is changing in v7. You can use the `v7_relativeSplatPath` future flag to opt-in early. For more information, see https://reactrouter.com/v6/upgrading/future#v7_relativesplatpath.

 ✓ src/components/__tests__/EmptyDashboard.test.tsx  (2 tests) 177ms
stderr | src/pages/LoginPage.test.tsx > LoginPage password visibility > reveals and re-masks the password without changing its value
⚠️ React Router Future Flag Warning: React Router will begin wrapping state updates in `React.startTransition` in v7. You can use the `v7_startTransition` future flag to opt-in early. For more information, see https://reactrouter.com/v6/upgrading/future#v7_starttransition.
⚠️ React Router Future Flag Warning: Relative route resolution within Splat routes is changing in v7. You can use the `v7_relativeSplatPath` future flag to opt-in early. For more information, see https://reactrouter.com/v6/upgrading/future#v7_relativesplatpath.

 ✓ src/pages/LoginPage.test.tsx  (12 tests) 162ms
 ✓ src/components/sonos/__tests__/QueuePanel.test.tsx  (2 tests) 236ms
 ✓ src/components/settings/__tests__/MobileSectionSelect.test.tsx  (1 test) 228ms
 ✓ src/components/__tests__/widgetVisibility.test.tsx  (3 tests) 77ms
 ✓ src/components/widgets/__tests__/WidgetPicker.ui.test.tsx  (1 test) 182ms
 ✓ src/hooks/__tests__/useAdaptivePoll.test.ts  (9 tests) 3ms
 ✓ src/lib/__tests__/sonosGroupSelection.test.ts  (4 tests) 1ms
 ✓ src/lib/parse-yahoo-csv.test.ts  (4 tests) 2ms
 ✓ src/lib/calendarDates.test.ts  (1 test) 2ms
 ✓ src/components/settings/__tests__/GroupsTab.test.ts  (1 test) 1ms
 ✓ src/components/widgets/__tests__/StocksConfigForm.test.ts  (6 tests) 1ms
 ✓ src/components/settings/__tests__/WidgetsTab.test.tsx  (1 test) 97ms
 ✓ src/components/settings/__tests__/SettingsDataState.test.tsx  (2 tests) 110ms
 ✓ src/components/widgets/__tests__/WidgetConfigControls.test.tsx  (1 test) 284ms
 ✓ src/components/widgets/__tests__/WidgetPicker.test.ts  (3 tests) 2ms

 Test Files  31 passed (31)
      Tests  117 passed (117)
   Start at  12:00:49
   Duration  5.63s (transform 2.49s, setup 1ms, collect 12.88s, tests 4.93s, environment 17.21s, prepare 1.89s)
